[0m11:15:08  Running with dbt=1.10.17
[0m11:15:11  Registered adapter: bigquery=1.11.0
[0m11:15:11  Found 72 models, 181 data tests, 9 sources, 973 macros
[0m11:15:11  
[0m11:15:11  Concurrency: 2 threads (target='dev')
[0m11:15:11  
[0m11:15:43  1 of 24 START sql view model Extracted_data.dp_category_translation_completeness  [RUN]
[0m11:15:43  2 of 24 START sql view model Extracted_data.dp_customers_completeness .......... [RUN]
[0m11:15:45  1 of 24 OK created sql view model Extracted_data.dp_category_translation_completeness  [[32mCREATE VIEW (0 processed)[0m in 1.78s]
[0m11:15:45  2 of 24 OK created sql view model Extracted_data.dp_customers_completeness ..... [[32mCREATE VIEW (0 processed)[0m in 1.78s]
[0m11:15:45  3 of 24 START sql view model Extracted_data.dp_customers_duplicates ............ [RUN]
[0m11:15:45  4 of 24 START sql view model Extracted_data.dp_geolocation_completeness ........ [RUN]
[0m11:15:46  4 of 24 OK created sql view model Extracted_data.dp_geolocation_completeness ... [[32mCREATE VIEW (0 processed)[0m in 1.18s]
[0m11:15:46  5 of 24 START sql view model Extracted_data.dp_geolocation_statistics .......... [RUN]
[0m11:15:46  3 of 24 OK created sql view model Extracted_data.dp_customers_duplicates ....... [[32mCREATE VIEW (0 processed)[0m in 1.20s]
[0m11:15:46  6 of 24 START sql view model Extracted_data.dp_order_items_completeness ........ [RUN]
[0m11:15:48  6 of 24 OK created sql view model Extracted_data.dp_order_items_completeness ... [[32mCREATE VIEW (0 processed)[0m in 1.21s]
[0m11:15:48  7 of 24 START sql view model Extracted_data.dp_order_items_relationships ....... [RUN]
[0m11:15:49  7 of 24 OK created sql view model Extracted_data.dp_order_items_relationships .. [[32mCREATE VIEW (0 processed)[0m in 1.15s]
[0m11:15:49  8 of 24 START sql view model Extracted_data.dp_order_items_statistics .......... [RUN]
[0m11:15:49  5 of 24 OK created sql view model Extracted_data.dp_geolocation_statistics ..... [[32mCREATE VIEW (0 processed)[0m in 2.45s]
[0m11:15:49  9 of 24 START sql view model Extracted_data.dp_order_payments_completeness ..... [RUN]
[0m11:15:50  9 of 24 OK created sql view model Extracted_data.dp_order_payments_completeness  [[32mCREATE VIEW (0 processed)[0m in 1.13s]
[0m11:15:50  10 of 24 START sql view model Extracted_data.dp_order_payments_distribution .... [RUN]
[0m11:15:50  8 of 24 OK created sql view model Extracted_data.dp_order_items_statistics ..... [[32mCREATE VIEW (0 processed)[0m in 1.22s]
[0m11:15:50  11 of 24 START sql view model Extracted_data.dp_order_payments_statistics ...... [RUN]
[0m11:15:51  11 of 24 OK created sql view model Extracted_data.dp_order_payments_statistics . [[32mCREATE VIEW (0 processed)[0m in 1.16s]
[0m11:15:51  12 of 24 START sql view model Extracted_data.dp_order_reviews_completeness ..... [RUN]
[0m11:15:51  10 of 24 OK created sql view model Extracted_data.dp_order_payments_distribution  [[32mCREATE VIEW (0 processed)[0m in 1.27s]
[0m11:15:51  13 of 24 START sql view model Extracted_data.dp_order_reviews_distribution ..... [RUN]
[0m11:15:52  12 of 24 OK created sql view model Extracted_data.dp_order_reviews_completeness  [[32mCREATE VIEW (0 processed)[0m in 1.11s]
[0m11:15:52  14 of 24 START sql view model Extracted_data.dp_orders_completenes ............. [RUN]
[0m11:15:53  13 of 24 OK created sql view model Extracted_data.dp_order_reviews_distribution  [[32mCREATE VIEW (0 processed)[0m in 1.34s]
[0m11:15:53  15 of 24 START sql view model Extracted_data.dp_orders_date_statistics ......... [RUN]
[0m11:15:53  14 of 24 OK created sql view model Extracted_data.dp_orders_completenes ........ [[32mCREATE VIEW (0 processed)[0m in 1.08s]
[0m11:15:53  16 of 24 START sql view model Extracted_data.dp_orders_duplicates .............. [RUN]
[0m11:15:54  15 of 24 OK created sql view model Extracted_data.dp_orders_date_statistics .... [[32mCREATE VIEW (0 processed)[0m in 1.29s]
[0m11:15:54  17 of 24 START sql view model Extracted_data.dp_orders_relationships ........... [RUN]
[0m11:15:54  16 of 24 OK created sql view model Extracted_data.dp_orders_duplicates ......... [[32mCREATE VIEW (0 processed)[0m in 1.07s]
[0m11:15:54  18 of 24 START sql view model Extracted_data.dp_orders_status_distribution ..... [RUN]
[0m11:15:55  17 of 24 OK created sql view model Extracted_data.dp_orders_relationships ...... [[32mCREATE VIEW (0 processed)[0m in 1.64s]
[0m11:15:55  19 of 24 START sql view model Extracted_data.dp_products_category_distribution . [RUN]
[0m11:15:56  18 of 24 OK created sql view model Extracted_data.dp_orders_status_distribution  [[32mCREATE VIEW (0 processed)[0m in 1.17s]
[0m11:15:56  20 of 24 START sql view model Extracted_data.dp_products_completeness .......... [RUN]
[0m11:15:57  20 of 24 OK created sql view model Extracted_data.dp_products_completeness ..... [[32mCREATE VIEW (0 processed)[0m in 1.41s]
[0m11:15:57  21 of 24 START sql view model Extracted_data.dp_products_duplicates ............ [RUN]
[0m11:15:57  19 of 24 OK created sql view model Extracted_data.dp_products_category_distribution  [[32mCREATE VIEW (0 processed)[0m in 1.53s]
[0m11:15:57  22 of 24 START sql view model Extracted_data.dp_products_statistics ............ [RUN]
[0m11:15:58  22 of 24 OK created sql view model Extracted_data.dp_products_statistics ....... [[32mCREATE VIEW (0 processed)[0m in 1.02s]
[0m11:15:58  23 of 24 START sql view model Extracted_data.dp_sellers_completeness ........... [RUN]
[0m11:15:58  21 of 24 OK created sql view model Extracted_data.dp_products_duplicates ....... [[32mCREATE VIEW (0 processed)[0m in 1.16s]
[0m11:15:58  24 of 24 START sql view model Extracted_data.dp_sellers_duplicates ............. [RUN]
[0m11:16:01  24 of 24 OK created sql view model Extracted_data.dp_sellers_duplicates ........ [[32mCREATE VIEW (0 processed)[0m in 1.09s]
[0m11:16:01  23 of 24 OK created sql view model Extracted_data.dp_sellers_completeness ...... [[32mCREATE VIEW (0 processed)[0m in 1.05s]
[0m11:16:01  
[0m11:16:01  Finished running 24 view models in 0 hours 0 minutes and 49.53 seconds (49.53s).
[0m11:16:01  
[0m11:16:01  [32mCompleted successfully[0m
[0m11:16:01  
[0m11:16:01  Done. PASS=24 WARN=0 ERROR=0 SKIP=0 NO-OP=0 TOTAL=24
