[0m11:18:46  Running with dbt=1.10.17
[0m11:18:49  Registered adapter: bigquery=1.11.0
[0m11:18:49  Found 72 models, 181 data tests, 9 sources, 973 macros
[0m11:18:49  
[0m11:18:49  Concurrency: 2 threads (target='dev')
[0m11:18:49  
[0m11:19:20  1 of 20 START sql table model Extracted_data.dim1_customers .................... [RUN]
[0m11:19:20  2 of 20 START sql table model Extracted_data.dim1_dates ........................ [RUN]
[0m11:19:25  1 of 20 OK created sql table model Extracted_data.dim1_customers ............... [[32mCREATE TABLE (99.4k rows, 8.8 MiB processed)[0m in 4.30s]
[0m11:19:25  3 of 20 START sql table model Extracted_data.dim1_products ..................... [RUN]
[0m11:19:25  2 of 20 OK created sql table model Extracted_data.dim1_dates ................... [[32mCREATE TABLE (634.0 rows, 4.0 MiB processed)[0m in 4.48s]
[0m11:19:25  4 of 20 START sql table model Extracted_data.dim1_sellers ...................... [RUN]
[0m11:19:29  4 of 20 OK created sql table model Extracted_data.dim1_sellers ................. [[32mCREATE TABLE (3.1k rows, 175.8 KiB processed)[0m in 3.82s]
[0m11:19:29  5 of 20 START sql table model Extracted_data.fact_order1_items ................. [RUN]
[0m11:19:29  3 of 20 OK created sql table model Extracted_data.dim1_products ................ [[32mCREATE TABLE (33.0k rows, 2.6 MiB processed)[0m in 4.06s]
[0m11:19:29  6 of 20 START sql table model Extracted_data.fact_orders1 ...................... [RUN]
[0m11:19:33  6 of 20 OK created sql table model Extracted_data.fact_orders1 ................. [[32mCREATE TABLE (99.4k rows, 26.6 MiB processed)[0m in 4.67s]
[0m11:19:33  7 of 20 START test not_null_dim1_customers_customer_id ......................... [RUN]
[0m11:19:34  5 of 20 OK created sql table model Extracted_data.fact_order1_items ............ [[32mCREATE TABLE (112.7k rows, 21.8 MiB processed)[0m in 4.91s]
[0m11:19:34  8 of 20 START test unique_dim1_customers_customer_id ........................... [RUN]
[0m11:19:35  7 of 20 PASS not_null_dim1_customers_customer_id ............................... [[32mPASS[0m in 1.81s]
[0m11:19:35  9 of 20 START test not_null_dim1_dates_date_day ................................ [RUN]
[0m11:19:36  8 of 20 PASS unique_dim1_customers_customer_id ................................. [[32mPASS[0m in 2.09s]
[0m11:19:36  10 of 20 START test unique_dim1_dates_date_day ................................. [RUN]
[0m11:19:37  9 of 20 PASS not_null_dim1_dates_date_day ...................................... [[32mPASS[0m in 1.96s]
[0m11:19:37  11 of 20 START test not_null_dim1_sellers_seller_id ............................ [RUN]
[0m11:19:37  10 of 20 PASS unique_dim1_dates_date_day ....................................... [[32mPASS[0m in 1.82s]
[0m11:19:37  12 of 20 START test unique_dim1_sellers_seller_id .............................. [RUN]
[0m11:19:39  11 of 20 PASS not_null_dim1_sellers_seller_id .................................. [[32mPASS[0m in 1.52s]
[0m11:19:39  13 of 20 START test not_null_dim1_products_product_id .......................... [RUN]
[0m11:19:39  12 of 20 PASS unique_dim1_sellers_seller_id .................................... [[32mPASS[0m in 2.01s]
[0m11:19:39  14 of 20 START test unique_dim1_products_product_id ............................ [RUN]
[0m11:19:41  13 of 20 PASS not_null_dim1_products_product_id ................................ [[32mPASS[0m in 1.97s]
[0m11:19:41  15 of 20 START test not_null_fact_orders1_order_id ............................. [RUN]
[0m11:19:41  14 of 20 PASS unique_dim1_products_product_id .................................. [[32mPASS[0m in 1.59s]
[0m11:19:41  16 of 20 START test relationships_fact_orders1_customer_id__customer_id__ref_dim1_customers_  [RUN]
[0m11:19:43  15 of 20 PASS not_null_fact_orders1_order_id ................................... [[32mPASS[0m in 1.87s]
[0m11:19:43  17 of 20 START test unique_fact_orders1_order_id ............................... [RUN]
[0m11:19:43  16 of 20 PASS relationships_fact_orders1_customer_id__customer_id__ref_dim1_customers_  [[32mPASS[0m in 1.78s]
[0m11:19:43  18 of 20 START test relationships_fact_order1_items_order_id__order_id__ref_fact_orders1_  [RUN]
[0m11:19:44  17 of 20 PASS unique_fact_orders1_order_id ..................................... [[32mPASS[0m in 1.68s]
[0m11:19:44  19 of 20 START test relationships_fact_order1_items_product_id__product_id__ref_dim1_products_  [RUN]
[0m11:19:44  18 of 20 PASS relationships_fact_order1_items_order_id__order_id__ref_fact_orders1_  [[32mPASS[0m in 1.58s]
[0m11:19:44  20 of 20 START test relationships_fact_order1_items_seller_id__seller_id__ref_dim1_sellers_  [RUN]
[0m11:19:46  19 of 20 PASS relationships_fact_order1_items_product_id__product_id__ref_dim1_products_  [[32mPASS[0m in 1.71s]
[0m11:19:46  20 of 20 PASS relationships_fact_order1_items_seller_id__seller_id__ref_dim1_sellers_  [[32mPASS[0m in 1.98s]
[0m11:19:46  
[0m11:19:46  Finished running 6 table models, 14 data tests in 0 hours 0 minutes and 56.99 seconds (56.99s).
[0m11:19:47  
[0m11:19:47  [32mCompleted successfully[0m
[0m11:19:47  
[0m11:19:47  Done. PASS=20 WARN=0 ERROR=0 SKIP=0 NO-OP=0 TOTAL=20
