[0m10:53:23  Running with dbt=1.10.17
[0m10:53:26  Registered adapter: bigquery=1.11.0
[0m10:53:27  Found 72 models, 181 data tests, 9 sources, 973 macros
[0m10:53:27  
[0m10:53:27  Concurrency: 2 threads (target='dev')
[0m10:53:27  
[0m10:53:56  1 of 20 START sql table model Extracted_data.dim1_customers .................... [RUN]
[0m10:53:56  2 of 20 START sql table model Extracted_data.dim1_dates ........................ [RUN]
[0m10:53:59  2 of 20 OK created sql table model Extracted_data.dim1_dates ................... [[32mCREATE TABLE (634.0 rows, 4.0 MiB processed)[0m in 3.39s]
[0m10:53:59  3 of 20 START sql table model Extracted_data.dim1_products ..................... [RUN]
[0m10:53:59  1 of 20 OK created sql table model Extracted_data.dim1_customers ............... [[32mCREATE TABLE (99.4k rows, 8.8 MiB processed)[0m in 3.42s]
[0m10:53:59  4 of 20 START sql table model Extracted_data.dim1_sellers ...................... [RUN]
[0m10:54:03  3 of 20 OK created sql table model Extracted_data.dim1_products ................ [[32mCREATE TABLE (33.0k rows, 2.6 MiB processed)[0m in 3.55s]
[0m10:54:03  4 of 20 OK created sql table model Extracted_data.dim1_sellers ................. [[32mCREATE TABLE (3.1k rows, 175.8 KiB processed)[0m in 3.53s]
[0m10:54:03  5 of 20 START sql table model Extracted_data.fact_order1_items ................. [RUN]
[0m10:54:03  6 of 20 START sql table model Extracted_data.fact_orders1 ...................... [RUN]
[0m10:54:07  5 of 20 OK created sql table model Extracted_data.fact_order1_items ............ [[32mCREATE TABLE (112.7k rows, 21.8 MiB processed)[0m in 4.29s]
[0m10:54:07  7 of 20 START test not_null_dim1_dates_date_day ................................ [RUN]
[0m10:54:08  6 of 20 OK created sql table model Extracted_data.fact_orders1 ................. [[32mCREATE TABLE (99.4k rows, 26.6 MiB processed)[0m in 4.73s]
[0m10:54:08  8 of 20 START test unique_dim1_dates_date_day .................................. [RUN]
[0m10:54:09  7 of 20 PASS not_null_dim1_dates_date_day ...................................... [[32mPASS[0m in 1.65s]
[0m10:54:09  9 of 20 START test not_null_dim1_customers_customer_id ......................... [RUN]
[0m10:54:09  8 of 20 PASS unique_dim1_dates_date_day ........................................ [[32mPASS[0m in 1.65s]
[0m10:54:09  10 of 20 START test unique_dim1_customers_customer_id .......................... [RUN]
[0m10:54:10  9 of 20 PASS not_null_dim1_customers_customer_id ............................... [[32mPASS[0m in 1.49s]
[0m10:54:10  11 of 20 START test not_null_dim1_products_product_id .......................... [RUN]
[0m10:54:11  10 of 20 PASS unique_dim1_customers_customer_id ................................ [[32mPASS[0m in 1.61s]
[0m10:54:11  12 of 20 START test unique_dim1_products_product_id ............................ [RUN]
[0m10:54:12  11 of 20 PASS not_null_dim1_products_product_id ................................ [[32mPASS[0m in 1.49s]
[0m10:54:12  13 of 20 START test not_null_dim1_sellers_seller_id ............................ [RUN]
[0m10:54:12  12 of 20 PASS unique_dim1_products_product_id .................................. [[32mPASS[0m in 1.51s]
[0m10:54:12  14 of 20 START test unique_dim1_sellers_seller_id .............................. [RUN]
[0m10:54:13  13 of 20 PASS not_null_dim1_sellers_seller_id .................................. [[32mPASS[0m in 1.45s]
[0m10:54:13  15 of 20 START test relationships_fact_order1_items_product_id__product_id__ref_dim1_products_  [RUN]
[0m10:54:14  14 of 20 PASS unique_dim1_sellers_seller_id .................................... [[32mPASS[0m in 1.58s]
[0m10:54:14  16 of 20 START test relationships_fact_order1_items_seller_id__seller_id__ref_dim1_sellers_  [RUN]
[0m10:54:15  15 of 20 PASS relationships_fact_order1_items_product_id__product_id__ref_dim1_products_  [[32mPASS[0m in 1.47s]
[0m10:54:15  17 of 20 START test not_null_fact_orders1_order_id ............................. [RUN]
[0m10:54:16  16 of 20 PASS relationships_fact_order1_items_seller_id__seller_id__ref_dim1_sellers_  [[32mPASS[0m in 2.23s]
[0m10:54:16  18 of 20 START test relationships_fact_order1_items_order_id__order_id__ref_fact_orders1_  [RUN]
[0m10:54:16  17 of 20 PASS not_null_fact_orders1_order_id ................................... [[32mPASS[0m in 1.48s]
[0m10:54:16  19 of 20 START test relationships_fact_orders1_customer_id__customer_id__ref_dim1_customers_  [RUN]
[0m10:54:18  19 of 20 PASS relationships_fact_orders1_customer_id__customer_id__ref_dim1_customers_  [[32mPASS[0m in 1.47s]
[0m10:54:18  20 of 20 START test unique_fact_orders1_order_id ............................... [RUN]
[0m10:54:18  18 of 20 PASS relationships_fact_order1_items_order_id__order_id__ref_fact_orders1_  [[32mPASS[0m in 1.60s]
[0m10:54:19  20 of 20 PASS unique_fact_orders1_order_id ..................................... [[32mPASS[0m in 1.72s]
[0m10:54:19  
[0m10:54:19  Finished running 6 table models, 14 data tests in 0 hours 0 minutes and 52.40 seconds (52.40s).
[0m10:54:19  
[0m10:54:19  [32mCompleted successfully[0m
[0m10:54:19  
[0m10:54:19  Done. PASS=20 WARN=0 ERROR=0 SKIP=0 NO-OP=0 TOTAL=20
