[0m10:55:54  Running with dbt=1.10.17
[0m10:55:57  Registered adapter: bigquery=1.11.0
[0m10:55:57  Found 72 models, 181 data tests, 9 sources, 973 macros
[0m10:55:57  
[0m10:55:57  Concurrency: 2 threads (target='dev')
[0m10:55:57  
[0m10:56:28  1 of 9 START sql view model Extracted_data.sc_category_translation ............. [RUN]
[0m10:56:28  2 of 9 START sql view model Extracted_data.sc_customers ........................ [RUN]
[0m10:56:29  1 of 9 OK created sql view model Extracted_data.sc_category_translation ........ [[32mCREATE VIEW (0 processed)[0m in 1.34s]
[0m10:56:29  3 of 9 START sql view model Extracted_data.sc_geolocation ...................... [RUN]
[0m10:56:29  2 of 9 OK created sql view model Extracted_data.sc_customers ................... [[32mCREATE VIEW (0 processed)[0m in 1.39s]
[0m10:56:29  4 of 9 START sql view model Extracted_data.sc_order_items ...................... [RUN]
[0m10:56:30  4 of 9 OK created sql view model Extracted_data.sc_order_items ................. [[32mCREATE VIEW (0 processed)[0m in 1.08s]
[0m10:56:30  5 of 9 START sql view model Extracted_data.sc_order_payments ................... [RUN]
[0m10:56:31  3 of 9 OK created sql view model Extracted_data.sc_geolocation ................. [[32mCREATE VIEW (0 processed)[0m in 1.27s]
[0m10:56:31  6 of 9 START sql view model Extracted_data.sc_order_reviews .................... [RUN]
[0m10:56:32  6 of 9 OK created sql view model Extracted_data.sc_order_reviews ............... [[32mCREATE VIEW (0 processed)[0m in 1.11s]
[0m10:56:32  7 of 9 START sql view model Extracted_data.sc_orders ........................... [RUN]
[0m10:56:32  5 of 9 OK created sql view model Extracted_data.sc_order_payments .............. [[32mCREATE VIEW (0 processed)[0m in 1.50s]
[0m10:56:32  8 of 9 START sql view model Extracted_data.sc_products ......................... [RUN]
[0m10:56:33  8 of 9 OK created sql view model Extracted_data.sc_products .................... [[32mCREATE VIEW (0 processed)[0m in 1.15s]
[0m10:56:33  9 of 9 START sql view model Extracted_data.sc_sellers .......................... [RUN]
[0m10:56:33  7 of 9 OK created sql view model Extracted_data.sc_orders ...................... [[32mCREATE VIEW (0 processed)[0m in 1.51s]
[0m10:56:35  9 of 9 OK created sql view model Extracted_data.sc_sellers ..................... [[32mCREATE VIEW (0 processed)[0m in 1.51s]
[0m10:56:35  
[0m10:56:35  Finished running 9 view models in 0 hours 0 minutes and 37.21 seconds (37.21s).
[0m10:56:35  
[0m10:56:35  [32mCompleted successfully[0m
[0m10:56:35  
[0m10:56:35  Done. PASS=9 WARN=0 ERROR=0 SKIP=0 NO-OP=0 TOTAL=9
