[0m10:58:19  Running with dbt=1.10.17
[0m10:58:22  Registered adapter: bigquery=1.11.0
[0m10:58:22  Found 72 models, 181 data tests, 9 sources, 973 macros
[0m10:58:22  
[0m10:58:22  Concurrency: 2 threads (target='dev')
[0m10:58:22  
[0m10:58:50  1 of 20 START sql table model Extracted_data.dim1_customers .................... [RUN]
[0m10:58:50  2 of 20 START sql table model Extracted_data.dim1_dates ........................ [RUN]
[0m10:58:53  2 of 20 OK created sql table model Extracted_data.dim1_dates ................... [[32mCREATE TABLE (634.0 rows, 4.0 MiB processed)[0m in 3.50s]
[0m10:58:53  3 of 20 START sql table model Extracted_data.dim1_products ..................... [RUN]
[0m10:58:54  1 of 20 OK created sql table model Extracted_data.dim1_customers ............... [[32mCREATE TABLE (99.4k rows, 8.8 MiB processed)[0m in 3.90s]
[0m10:58:54  4 of 20 START sql table model Extracted_data.dim1_sellers ...................... [RUN]
[0m10:58:56  3 of 20 OK created sql table model Extracted_data.dim1_products ................ [[32mCREATE TABLE (33.0k rows, 2.6 MiB processed)[0m in 3.36s]
[0m10:58:56  5 of 20 START sql table model Extracted_data.fact_order1_items ................. [RUN]
[0m10:58:58  4 of 20 OK created sql table model Extracted_data.dim1_sellers ................. [[32mCREATE TABLE (3.1k rows, 175.8 KiB processed)[0m in 4.30s]
[0m10:58:58  6 of 20 START sql table model Extracted_data.fact_orders1 ...................... [RUN]
[0m10:59:00  5 of 20 OK created sql table model Extracted_data.fact_order1_items ............ [[32mCREATE TABLE (112.7k rows, 21.8 MiB processed)[0m in 3.84s]
[0m10:59:00  7 of 20 START test not_null_dim1_dates_date_day ................................ [RUN]
[0m10:59:02  7 of 20 PASS not_null_dim1_dates_date_day ...................................... [[32mPASS[0m in 1.45s]
[0m10:59:02  8 of 20 START test unique_dim1_dates_date_day .................................. [RUN]
[0m10:59:03  6 of 20 OK created sql table model Extracted_data.fact_orders1 ................. [[32mCREATE TABLE (99.4k rows, 26.6 MiB processed)[0m in 5.24s]
[0m10:59:03  9 of 20 START test not_null_dim1_customers_customer_id ......................... [RUN]
[0m10:59:03  8 of 20 PASS unique_dim1_dates_date_day ........................................ [[32mPASS[0m in 1.51s]
[0m10:59:03  10 of 20 START test unique_dim1_customers_customer_id .......................... [RUN]
[0m10:59:05  9 of 20 PASS not_null_dim1_customers_customer_id ............................... [[32mPASS[0m in 1.59s]
[0m10:59:05  11 of 20 START test not_null_dim1_products_product_id .......................... [RUN]
[0m10:59:05  10 of 20 PASS unique_dim1_customers_customer_id ................................ [[32mPASS[0m in 1.49s]
[0m10:59:05  12 of 20 START test unique_dim1_products_product_id ............................ [RUN]
[0m10:59:06  11 of 20 PASS not_null_dim1_products_product_id ................................ [[32mPASS[0m in 1.60s]
[0m10:59:06  13 of 20 START test not_null_dim1_sellers_seller_id ............................ [RUN]
[0m10:59:07  12 of 20 PASS unique_dim1_products_product_id .................................. [[32mPASS[0m in 2.48s]
[0m10:59:07  14 of 20 START test unique_dim1_sellers_seller_id .............................. [RUN]
[0m10:59:08  13 of 20 PASS not_null_dim1_sellers_seller_id .................................. [[32mPASS[0m in 1.47s]
[0m10:59:08  15 of 20 START test relationships_fact_order1_items_product_id__product_id__ref_dim1_products_  [RUN]
[0m10:59:09  14 of 20 PASS unique_dim1_sellers_seller_id .................................... [[32mPASS[0m in 1.39s]
[0m10:59:09  16 of 20 START test relationships_fact_order1_items_seller_id__seller_id__ref_dim1_sellers_  [RUN]
[0m10:59:09  15 of 20 PASS relationships_fact_order1_items_product_id__product_id__ref_dim1_products_  [[32mPASS[0m in 1.47s]
[0m10:59:09  17 of 20 START test not_null_fact_orders1_order_id ............................. [RUN]
[0m10:59:10  16 of 20 PASS relationships_fact_order1_items_seller_id__seller_id__ref_dim1_sellers_  [[32mPASS[0m in 1.60s]
[0m10:59:10  18 of 20 START test relationships_fact_order1_items_order_id__order_id__ref_fact_orders1_  [RUN]
[0m10:59:11  17 of 20 PASS not_null_fact_orders1_order_id ................................... [[32mPASS[0m in 1.40s]
[0m10:59:11  19 of 20 START test relationships_fact_orders1_customer_id__customer_id__ref_dim1_customers_  [RUN]
[0m10:59:12  18 of 20 PASS relationships_fact_order1_items_order_id__order_id__ref_fact_orders1_  [[32mPASS[0m in 1.47s]
[0m10:59:12  20 of 20 START test unique_fact_orders1_order_id ............................... [RUN]
[0m10:59:12  19 of 20 PASS relationships_fact_orders1_customer_id__customer_id__ref_dim1_customers_  [[32mPASS[0m in 1.75s]
[0m10:59:13  20 of 20 PASS unique_fact_orders1_order_id ..................................... [[32mPASS[0m in 1.47s]
[0m10:59:13  
[0m10:59:13  Finished running 6 table models, 14 data tests in 0 hours 0 minutes and 51.09 seconds (51.09s).
[0m10:59:13  
[0m10:59:13  [32mCompleted successfully[0m
[0m10:59:13  
[0m10:59:13  Done. PASS=20 WARN=0 ERROR=0 SKIP=0 NO-OP=0 TOTAL=20
