[0m10:55:04  Running with dbt=1.10.17
[0m10:55:06  Registered adapter: bigquery=1.11.0
[0m10:55:07  Found 72 models, 181 data tests, 9 sources, 973 macros
[0m10:55:07  
[0m10:55:07  Concurrency: 2 threads (target='dev')
[0m10:55:07  
[0m10:55:34  1 of 24 START sql view model Extracted_data.dp_category_translation_completeness  [RUN]
[0m10:55:34  2 of 24 START sql view model Extracted_data.dp_customers_completeness .......... [RUN]
[0m10:55:35  2 of 24 OK created sql view model Extracted_data.dp_customers_completeness ..... [[32mCREATE VIEW (0 processed)[0m in 1.31s]
[0m10:55:35  3 of 24 START sql view model Extracted_data.dp_customers_duplicates ............ [RUN]
[0m10:55:36  1 of 24 OK created sql view model Extracted_data.dp_category_translation_completeness  [[32mCREATE VIEW (0 processed)[0m in 1.44s]
[0m10:55:36  4 of 24 START sql view model Extracted_data.dp_geolocation_completeness ........ [RUN]
[0m10:55:37  4 of 24 OK created sql view model Extracted_data.dp_geolocation_completeness ... [[32mCREATE VIEW (0 processed)[0m in 1.15s]
[0m10:55:37  5 of 24 START sql view model Extracted_data.dp_geolocation_statistics .......... [RUN]
[0m10:55:37  3 of 24 OK created sql view model Extracted_data.dp_customers_duplicates ....... [[32mCREATE VIEW (0 processed)[0m in 1.37s]
[0m10:55:37  6 of 24 START sql view model Extracted_data.dp_order_items_completeness ........ [RUN]
[0m10:55:38  6 of 24 OK created sql view model Extracted_data.dp_order_items_completeness ... [[32mCREATE VIEW (0 processed)[0m in 1.00s]
[0m10:55:38  5 of 24 OK created sql view model Extracted_data.dp_geolocation_statistics ..... [[32mCREATE VIEW (0 processed)[0m in 1.09s]
[0m10:55:38  7 of 24 START sql view model Extracted_data.dp_order_items_relationships ....... [RUN]
[0m10:55:38  8 of 24 START sql view model Extracted_data.dp_order_items_statistics .......... [RUN]
[0m10:55:39  8 of 24 OK created sql view model Extracted_data.dp_order_items_statistics ..... [[32mCREATE VIEW (0 processed)[0m in 1.07s]
[0m10:55:39  9 of 24 START sql view model Extracted_data.dp_order_payments_completeness ..... [RUN]
[0m10:55:39  7 of 24 OK created sql view model Extracted_data.dp_order_items_relationships .. [[32mCREATE VIEW (0 processed)[0m in 1.14s]
[0m10:55:39  10 of 24 START sql view model Extracted_data.dp_order_payments_distribution .... [RUN]
[0m10:55:40  9 of 24 OK created sql view model Extracted_data.dp_order_payments_completeness  [[32mCREATE VIEW (0 processed)[0m in 1.03s]
[0m10:55:40  11 of 24 START sql view model Extracted_data.dp_order_payments_statistics ...... [RUN]
[0m10:55:40  10 of 24 OK created sql view model Extracted_data.dp_order_payments_distribution  [[32mCREATE VIEW (0 processed)[0m in 0.99s]
[0m10:55:40  12 of 24 START sql view model Extracted_data.dp_order_reviews_completeness ..... [RUN]
[0m10:55:41  11 of 24 OK created sql view model Extracted_data.dp_order_payments_statistics . [[32mCREATE VIEW (0 processed)[0m in 1.04s]
[0m10:55:41  13 of 24 START sql view model Extracted_data.dp_order_reviews_distribution ..... [RUN]
[0m10:55:41  12 of 24 OK created sql view model Extracted_data.dp_order_reviews_completeness  [[32mCREATE VIEW (0 processed)[0m in 1.12s]
[0m10:55:41  14 of 24 START sql view model Extracted_data.dp_orders_completenes ............. [RUN]
[0m10:55:42  13 of 24 OK created sql view model Extracted_data.dp_order_reviews_distribution  [[32mCREATE VIEW (0 processed)[0m in 1.05s]
[0m10:55:42  15 of 24 START sql view model Extracted_data.dp_orders_date_statistics ......... [RUN]
[0m10:55:42  14 of 24 OK created sql view model Extracted_data.dp_orders_completenes ........ [[32mCREATE VIEW (0 processed)[0m in 1.01s]
[0m10:55:42  16 of 24 START sql view model Extracted_data.dp_orders_duplicates .............. [RUN]
[0m10:55:43  15 of 24 OK created sql view model Extracted_data.dp_orders_date_statistics .... [[32mCREATE VIEW (0 processed)[0m in 0.97s]
[0m10:55:43  17 of 24 START sql view model Extracted_data.dp_orders_relationships ........... [RUN]
[0m10:55:43  16 of 24 OK created sql view model Extracted_data.dp_orders_duplicates ......... [[32mCREATE VIEW (0 processed)[0m in 1.04s]
[0m10:55:43  18 of 24 START sql view model Extracted_data.dp_orders_status_distribution ..... [RUN]
[0m10:55:44  17 of 24 OK created sql view model Extracted_data.dp_orders_relationships ...... [[32mCREATE VIEW (0 processed)[0m in 0.94s]
[0m10:55:44  19 of 24 START sql view model Extracted_data.dp_products_category_distribution . [RUN]
[0m10:55:44  18 of 24 OK created sql view model Extracted_data.dp_orders_status_distribution  [[32mCREATE VIEW (0 processed)[0m in 1.09s]
[0m10:55:44  20 of 24 START sql view model Extracted_data.dp_products_completeness .......... [RUN]
[0m10:55:45  19 of 24 OK created sql view model Extracted_data.dp_products_category_distribution  [[32mCREATE VIEW (0 processed)[0m in 0.98s]
[0m10:55:45  21 of 24 START sql view model Extracted_data.dp_products_duplicates ............ [RUN]
[0m10:55:46  20 of 24 OK created sql view model Extracted_data.dp_products_completeness ..... [[32mCREATE VIEW (0 processed)[0m in 1.33s]
[0m10:55:46  22 of 24 START sql view model Extracted_data.dp_products_statistics ............ [RUN]
[0m10:55:46  21 of 24 OK created sql view model Extracted_data.dp_products_duplicates ....... [[32mCREATE VIEW (0 processed)[0m in 0.95s]
[0m10:55:46  23 of 24 START sql view model Extracted_data.dp_sellers_completeness ........... [RUN]
[0m10:55:46  22 of 24 OK created sql view model Extracted_data.dp_products_statistics ....... [[32mCREATE VIEW (0 processed)[0m in 0.94s]
[0m10:55:46  24 of 24 START sql view model Extracted_data.dp_sellers_duplicates ............. [RUN]
[0m10:55:49  24 of 24 OK created sql view model Extracted_data.dp_sellers_duplicates ........ [[32mCREATE VIEW (0 processed)[0m in 1.03s]
[0m10:55:49  23 of 24 OK created sql view model Extracted_data.dp_sellers_completeness ...... [[32mCREATE VIEW (0 processed)[0m in 1.04s]
[0m10:55:49  
[0m10:55:49  Finished running 24 view models in 0 hours 0 minutes and 41.60 seconds (41.60s).
[0m10:55:49  
[0m10:55:49  [32mCompleted successfully[0m
[0m10:55:49  
[0m10:55:49  Done. PASS=24 WARN=0 ERROR=0 SKIP=0 NO-OP=0 TOTAL=24
