[0m11:20:09  Running with dbt=1.10.17
[0m11:20:12  Registered adapter: bigquery=1.11.0
[0m11:20:12  Found 72 models, 181 data tests, 9 sources, 973 macros
[0m11:20:12  
[0m11:20:12  Concurrency: 2 threads (target='dev')
[0m11:20:12  
[0m11:20:43  1 of 24 START sql view model Extracted_data.dp_category_translation_completeness  [RUN]
[0m11:20:43  2 of 24 START sql view model Extracted_data.dp_customers_completeness .......... [RUN]
[0m11:20:45  1 of 24 OK created sql view model Extracted_data.dp_category_translation_completeness  [[32mCREATE VIEW (0 processed)[0m in 1.66s]
[0m11:20:45  2 of 24 OK created sql view model Extracted_data.dp_customers_completeness ..... [[32mCREATE VIEW (0 processed)[0m in 1.66s]
[0m11:20:45  3 of 24 START sql view model Extracted_data.dp_customers_duplicates ............ [RUN]
[0m11:20:45  4 of 24 START sql view model Extracted_data.dp_geolocation_completeness ........ [RUN]
[0m11:20:46  3 of 24 OK created sql view model Extracted_data.dp_customers_duplicates ....... [[32mCREATE VIEW (0 processed)[0m in 1.30s]
[0m11:20:46  5 of 24 START sql view model Extracted_data.dp_geolocation_statistics .......... [RUN]
[0m11:20:46  4 of 24 OK created sql view model Extracted_data.dp_geolocation_completeness ... [[32mCREATE VIEW (0 processed)[0m in 1.54s]
[0m11:20:46  6 of 24 START sql view model Extracted_data.dp_order_items_completeness ........ [RUN]
[0m11:20:47  5 of 24 OK created sql view model Extracted_data.dp_geolocation_statistics ..... [[32mCREATE VIEW (0 processed)[0m in 1.06s]
[0m11:20:47  7 of 24 START sql view model Extracted_data.dp_order_items_relationships ....... [RUN]
[0m11:20:48  6 of 24 OK created sql view model Extracted_data.dp_order_items_completeness ... [[32mCREATE VIEW (0 processed)[0m in 1.55s]
[0m11:20:48  8 of 24 START sql view model Extracted_data.dp_order_items_statistics .......... [RUN]
[0m11:20:48  7 of 24 OK created sql view model Extracted_data.dp_order_items_relationships .. [[32mCREATE VIEW (0 processed)[0m in 1.10s]
[0m11:20:48  9 of 24 START sql view model Extracted_data.dp_order_payments_completeness ..... [RUN]
[0m11:20:49  8 of 24 OK created sql view model Extracted_data.dp_order_items_statistics ..... [[32mCREATE VIEW (0 processed)[0m in 1.37s]
[0m11:20:49  10 of 24 START sql view model Extracted_data.dp_order_payments_distribution .... [RUN]
[0m11:20:50  9 of 24 OK created sql view model Extracted_data.dp_order_payments_completeness  [[32mCREATE VIEW (0 processed)[0m in 1.82s]
[0m11:20:50  11 of 24 START sql view model Extracted_data.dp_order_payments_statistics ...... [RUN]
[0m11:20:51  10 of 24 OK created sql view model Extracted_data.dp_order_payments_distribution  [[32mCREATE VIEW (0 processed)[0m in 1.75s]
[0m11:20:51  12 of 24 START sql view model Extracted_data.dp_order_reviews_completeness ..... [RUN]
[0m11:20:51  11 of 24 OK created sql view model Extracted_data.dp_order_payments_statistics . [[32mCREATE VIEW (0 processed)[0m in 1.43s]
[0m11:20:51  13 of 24 START sql view model Extracted_data.dp_order_reviews_distribution ..... [RUN]
[0m11:20:52  12 of 24 OK created sql view model Extracted_data.dp_order_reviews_completeness  [[32mCREATE VIEW (0 processed)[0m in 1.14s]
[0m11:20:52  14 of 24 START sql view model Extracted_data.dp_orders_completenes ............. [RUN]
[0m11:20:53  13 of 24 OK created sql view model Extracted_data.dp_order_reviews_distribution  [[32mCREATE VIEW (0 processed)[0m in 1.29s]
[0m11:20:53  15 of 24 START sql view model Extracted_data.dp_orders_date_statistics ......... [RUN]
[0m11:20:53  14 of 24 OK created sql view model Extracted_data.dp_orders_completenes ........ [[32mCREATE VIEW (0 processed)[0m in 1.18s]
[0m11:20:53  16 of 24 START sql view model Extracted_data.dp_orders_duplicates .............. [RUN]
[0m11:20:54  15 of 24 OK created sql view model Extracted_data.dp_orders_date_statistics .... [[32mCREATE VIEW (0 processed)[0m in 1.13s]
[0m11:20:54  17 of 24 START sql view model Extracted_data.dp_orders_relationships ........... [RUN]
[0m11:20:55  16 of 24 OK created sql view model Extracted_data.dp_orders_duplicates ......... [[32mCREATE VIEW (0 processed)[0m in 1.45s]
[0m11:20:55  18 of 24 START sql view model Extracted_data.dp_orders_status_distribution ..... [RUN]
[0m11:20:55  17 of 24 OK created sql view model Extracted_data.dp_orders_relationships ...... [[32mCREATE VIEW (0 processed)[0m in 1.40s]
[0m11:20:55  19 of 24 START sql view model Extracted_data.dp_products_category_distribution . [RUN]
[0m11:20:56  18 of 24 OK created sql view model Extracted_data.dp_orders_status_distribution  [[32mCREATE VIEW (0 processed)[0m in 1.30s]
[0m11:20:56  20 of 24 START sql view model Extracted_data.dp_products_completeness .......... [RUN]
[0m11:20:56  19 of 24 OK created sql view model Extracted_data.dp_products_category_distribution  [[32mCREATE VIEW (0 processed)[0m in 1.08s]
[0m11:20:56  21 of 24 START sql view model Extracted_data.dp_products_duplicates ............ [RUN]
[0m11:20:57  20 of 24 OK created sql view model Extracted_data.dp_products_completeness ..... [[32mCREATE VIEW (0 processed)[0m in 1.26s]
[0m11:20:57  22 of 24 START sql view model Extracted_data.dp_products_statistics ............ [RUN]
[0m11:20:58  22 of 24 OK created sql view model Extracted_data.dp_products_statistics ....... [[32mCREATE VIEW (0 processed)[0m in 1.08s]
[0m11:20:58  23 of 24 START sql view model Extracted_data.dp_sellers_completeness ........... [RUN]
[0m11:20:59  21 of 24 OK created sql view model Extracted_data.dp_products_duplicates ....... [[32mCREATE VIEW (0 processed)[0m in 2.38s]
[0m11:20:59  24 of 24 START sql view model Extracted_data.dp_sellers_duplicates ............. [RUN]
[0m11:21:02  24 of 24 OK created sql view model Extracted_data.dp_sellers_duplicates ........ [[32mCREATE VIEW (0 processed)[0m in 1.10s]
[0m11:21:02  23 of 24 OK created sql view model Extracted_data.dp_sellers_completeness ...... [[32mCREATE VIEW (0 processed)[0m in 1.35s]
[0m11:21:02  
[0m11:21:02  Finished running 24 view models in 0 hours 0 minutes and 49.24 seconds (49.24s).
[0m11:21:02  
[0m11:21:02  [32mCompleted successfully[0m
[0m11:21:02  
[0m11:21:02  Done. PASS=24 WARN=0 ERROR=0 SKIP=0 NO-OP=0 TOTAL=24
