[0m11:23:47  Running with dbt=1.10.17
[0m11:23:50  Registered adapter: bigquery=1.11.0
[0m11:23:50  Found 72 models, 181 data tests, 9 sources, 973 macros
[0m11:23:50  
[0m11:23:50  Concurrency: 2 threads (target='dev')
[0m11:23:50  
[0m11:24:21  1 of 20 START sql table model Extracted_data.dim1_customers .................... [RUN]
[0m11:24:21  2 of 20 START sql table model Extracted_data.dim1_dates ........................ [RUN]
[0m11:24:24  2 of 20 OK created sql table model Extracted_data.dim1_dates ................... [[32mCREATE TABLE (634.0 rows, 4.0 MiB processed)[0m in 3.95s]
[0m11:24:24  3 of 20 START sql table model Extracted_data.dim1_products ..................... [RUN]
[0m11:24:25  1 of 20 OK created sql table model Extracted_data.dim1_customers ............... [[32mCREATE TABLE (99.4k rows, 8.8 MiB processed)[0m in 4.02s]
[0m11:24:25  4 of 20 START sql table model Extracted_data.dim1_sellers ...................... [RUN]
[0m11:24:28  4 of 20 OK created sql table model Extracted_data.dim1_sellers ................. [[32mCREATE TABLE (3.1k rows, 175.8 KiB processed)[0m in 3.39s]
[0m11:24:28  5 of 20 START sql table model Extracted_data.fact_order1_items ................. [RUN]
[0m11:24:29  3 of 20 OK created sql table model Extracted_data.dim1_products ................ [[32mCREATE TABLE (33.0k rows, 2.6 MiB processed)[0m in 4.20s]
[0m11:24:29  6 of 20 START sql table model Extracted_data.fact_orders1 ...................... [RUN]
[0m11:24:33  5 of 20 OK created sql table model Extracted_data.fact_order1_items ............ [[32mCREATE TABLE (112.7k rows, 21.8 MiB processed)[0m in 5.09s]
[0m11:24:33  7 of 20 START test not_null_dim1_dates_date_day ................................ [RUN]
[0m11:24:34  6 of 20 OK created sql table model Extracted_data.fact_orders1 ................. [[32mCREATE TABLE (99.4k rows, 26.6 MiB processed)[0m in 5.06s]
[0m11:24:34  8 of 20 START test unique_dim1_dates_date_day .................................. [RUN]
[0m11:24:35  7 of 20 PASS not_null_dim1_dates_date_day ...................................... [[32mPASS[0m in 1.67s]
[0m11:24:35  9 of 20 START test not_null_dim1_customers_customer_id ......................... [RUN]
[0m11:24:35  8 of 20 PASS unique_dim1_dates_date_day ........................................ [[32mPASS[0m in 1.58s]
[0m11:24:35  10 of 20 START test unique_dim1_customers_customer_id .......................... [RUN]
[0m11:24:36  9 of 20 PASS not_null_dim1_customers_customer_id ............................... [[32mPASS[0m in 1.76s]
[0m11:24:36  11 of 20 START test not_null_dim1_sellers_seller_id ............................ [RUN]
[0m11:24:37  10 of 20 PASS unique_dim1_customers_customer_id ................................ [[32mPASS[0m in 1.66s]
[0m11:24:37  12 of 20 START test unique_dim1_sellers_seller_id .............................. [RUN]
[0m11:24:38  11 of 20 PASS not_null_dim1_sellers_seller_id .................................. [[32mPASS[0m in 1.63s]
[0m11:24:38  13 of 20 START test not_null_dim1_products_product_id .......................... [RUN]
[0m11:24:39  12 of 20 PASS unique_dim1_sellers_seller_id .................................... [[32mPASS[0m in 1.67s]
[0m11:24:39  14 of 20 START test unique_dim1_products_product_id ............................ [RUN]
[0m11:24:40  14 of 20 PASS unique_dim1_products_product_id .................................. [[32mPASS[0m in 1.67s]
[0m11:24:40  15 of 20 START test relationships_fact_order1_items_product_id__product_id__ref_dim1_products_  [RUN]
[0m11:24:42  13 of 20 PASS not_null_dim1_products_product_id ................................ [[32mPASS[0m in 3.52s]
[0m11:24:42  16 of 20 START test relationships_fact_order1_items_seller_id__seller_id__ref_dim1_sellers_  [RUN]
[0m11:24:42  15 of 20 PASS relationships_fact_order1_items_product_id__product_id__ref_dim1_products_  [[32mPASS[0m in 1.73s]
[0m11:24:42  17 of 20 START test not_null_fact_orders1_order_id ............................. [RUN]
[0m11:24:43  16 of 20 PASS relationships_fact_order1_items_seller_id__seller_id__ref_dim1_sellers_  [[32mPASS[0m in 1.58s]
[0m11:24:43  18 of 20 START test relationships_fact_order1_items_order_id__order_id__ref_fact_orders1_  [RUN]
[0m11:24:44  17 of 20 PASS not_null_fact_orders1_order_id ................................... [[32mPASS[0m in 1.64s]
[0m11:24:44  19 of 20 START test relationships_fact_orders1_customer_id__customer_id__ref_dim1_customers_  [RUN]
[0m11:24:45  18 of 20 PASS relationships_fact_order1_items_order_id__order_id__ref_fact_orders1_  [[32mPASS[0m in 1.69s]
[0m11:24:45  20 of 20 START test unique_fact_orders1_order_id ............................... [RUN]
[0m11:24:45  19 of 20 PASS relationships_fact_orders1_customer_id__customer_id__ref_dim1_customers_  [[32mPASS[0m in 1.60s]
[0m11:24:46  20 of 20 PASS unique_fact_orders1_order_id ..................................... [[32mPASS[0m in 1.60s]
[0m11:24:46  
[0m11:24:46  Finished running 6 table models, 14 data tests in 0 hours 0 minutes and 56.14 seconds (56.14s).
[0m11:24:47  
[0m11:24:47  [32mCompleted successfully[0m
[0m11:24:47  
[0m11:24:47  Done. PASS=20 WARN=0 ERROR=0 SKIP=0 NO-OP=0 TOTAL=20
