[0m11:21:08  Running with dbt=1.10.17
[0m11:21:11  Registered adapter: bigquery=1.11.0
[0m11:21:12  Found 72 models, 181 data tests, 9 sources, 973 macros
[0m11:21:12  
[0m11:21:12  Concurrency: 2 threads (target='dev')
[0m11:21:12  
[0m11:21:43  1 of 9 START sql view model Extracted_data.sc_category_translation ............. [RUN]
[0m11:21:43  2 of 9 START sql view model Extracted_data.sc_customers ........................ [RUN]
[0m11:21:44  1 of 9 OK created sql view model Extracted_data.sc_category_translation ........ [[32mCREATE VIEW (0 processed)[0m in 1.37s]
[0m11:21:44  2 of 9 OK created sql view model Extracted_data.sc_customers ................... [[32mCREATE VIEW (0 processed)[0m in 1.37s]
[0m11:21:44  3 of 9 START sql view model Extracted_data.sc_geolocation ...................... [RUN]
[0m11:21:44  4 of 9 START sql view model Extracted_data.sc_order_items ...................... [RUN]
[0m11:21:46  3 of 9 OK created sql view model Extracted_data.sc_geolocation ................. [[32mCREATE VIEW (0 processed)[0m in 1.23s]
[0m11:21:46  5 of 9 START sql view model Extracted_data.sc_order_payments ................... [RUN]
[0m11:21:46  4 of 9 OK created sql view model Extracted_data.sc_order_items ................. [[32mCREATE VIEW (0 processed)[0m in 1.50s]
[0m11:21:46  6 of 9 START sql view model Extracted_data.sc_order_reviews .................... [RUN]
[0m11:21:47  5 of 9 OK created sql view model Extracted_data.sc_order_payments .............. [[32mCREATE VIEW (0 processed)[0m in 1.32s]
[0m11:21:47  7 of 9 START sql view model Extracted_data.sc_orders ........................... [RUN]
[0m11:21:48  6 of 9 OK created sql view model Extracted_data.sc_order_reviews ............... [[32mCREATE VIEW (0 processed)[0m in 1.66s]
[0m11:21:48  8 of 9 START sql view model Extracted_data.sc_products ......................... [RUN]
[0m11:21:48  7 of 9 OK created sql view model Extracted_data.sc_orders ...................... [[32mCREATE VIEW (0 processed)[0m in 1.14s]
[0m11:21:48  9 of 9 START sql view model Extracted_data.sc_sellers .......................... [RUN]
[0m11:21:49  8 of 9 OK created sql view model Extracted_data.sc_products .................... [[32mCREATE VIEW (0 processed)[0m in 1.08s]
[0m11:21:49  9 of 9 OK created sql view model Extracted_data.sc_sellers ..................... [[32mCREATE VIEW (0 processed)[0m in 1.33s]
[0m11:21:49  
[0m11:21:49  Finished running 9 view models in 0 hours 0 minutes and 37.28 seconds (37.28s).
[0m11:21:50  
[0m11:21:50  [32mCompleted successfully[0m
[0m11:21:50  
[0m11:21:50  Done. PASS=9 WARN=0 ERROR=0 SKIP=0 NO-OP=0 TOTAL=9
