[0m11:11:04  Running with dbt=1.10.17
[0m11:11:08  Registered adapter: bigquery=1.11.0
[0m11:11:08  Found 72 models, 181 data tests, 9 sources, 973 macros
[0m11:11:08  
[0m11:11:08  Concurrency: 2 threads (target='dev')
[0m11:11:08  
[0m11:11:39  1 of 9 START sql view model Extracted_data.sc_category_translation ............. [RUN]
[0m11:11:39  2 of 9 START sql view model Extracted_data.sc_customers ........................ [RUN]
[0m11:11:40  2 of 9 OK created sql view model Extracted_data.sc_customers ................... [[32mCREATE VIEW (0 processed)[0m in 1.55s]
[0m11:11:40  3 of 9 START sql view model Extracted_data.sc_geolocation ...................... [RUN]
[0m11:11:41  1 of 9 OK created sql view model Extracted_data.sc_category_translation ........ [[32mCREATE VIEW (0 processed)[0m in 2.58s]
[0m11:11:41  4 of 9 START sql view model Extracted_data.sc_order_items ...................... [RUN]
[0m11:11:41  3 of 9 OK created sql view model Extracted_data.sc_geolocation ................. [[32mCREATE VIEW (0 processed)[0m in 1.09s]
[0m11:11:41  5 of 9 START sql view model Extracted_data.sc_order_payments ................... [RUN]
[0m11:11:42  5 of 9 OK created sql view model Extracted_data.sc_order_payments .............. [[32mCREATE VIEW (0 processed)[0m in 1.06s]
[0m11:11:42  6 of 9 START sql view model Extracted_data.sc_order_reviews .................... [RUN]
[0m11:11:42  4 of 9 OK created sql view model Extracted_data.sc_order_items ................. [[32mCREATE VIEW (0 processed)[0m in 1.14s]
[0m11:11:42  7 of 9 START sql view model Extracted_data.sc_orders ........................... [RUN]
[0m11:11:44  6 of 9 OK created sql view model Extracted_data.sc_order_reviews ............... [[32mCREATE VIEW (0 processed)[0m in 1.05s]
[0m11:11:44  8 of 9 START sql view model Extracted_data.sc_products ......................... [RUN]
[0m11:11:44  7 of 9 OK created sql view model Extracted_data.sc_orders ...................... [[32mCREATE VIEW (0 processed)[0m in 1.17s]
[0m11:11:44  9 of 9 START sql view model Extracted_data.sc_sellers .......................... [RUN]
[0m11:11:45  8 of 9 OK created sql view model Extracted_data.sc_products .................... [[32mCREATE VIEW (0 processed)[0m in 1.07s]
[0m11:11:45  9 of 9 OK created sql view model Extracted_data.sc_sellers ..................... [[32mCREATE VIEW (0 processed)[0m in 1.12s]
[0m11:11:45  
[0m11:11:45  Finished running 9 view models in 0 hours 0 minutes and 36.65 seconds (36.65s).
[0m11:11:45  
[0m11:11:45  [32mCompleted successfully[0m
[0m11:11:45  
[0m11:11:45  Done. PASS=9 WARN=0 ERROR=0 SKIP=0 NO-OP=0 TOTAL=9
