[0m11:10:07  Running with dbt=1.10.17
[0m11:10:10  Registered adapter: bigquery=1.11.0
[0m11:10:11  Found 72 models, 181 data tests, 9 sources, 973 macros
[0m11:10:11  
[0m11:10:11  Concurrency: 2 threads (target='dev')
[0m11:10:11  
[0m11:10:41  1 of 24 START sql view model Extracted_data.dp_category_translation_completeness  [RUN]
[0m11:10:41  2 of 24 START sql view model Extracted_data.dp_customers_completeness .......... [RUN]
[0m11:10:42  2 of 24 OK created sql view model Extracted_data.dp_customers_completeness ..... [[32mCREATE VIEW (0 processed)[0m in 1.55s]
[0m11:10:42  1 of 24 OK created sql view model Extracted_data.dp_category_translation_completeness  [[32mCREATE VIEW (0 processed)[0m in 1.55s]
[0m11:10:43  3 of 24 START sql view model Extracted_data.dp_customers_duplicates ............ [RUN]
[0m11:10:43  4 of 24 START sql view model Extracted_data.dp_geolocation_completeness ........ [RUN]
[0m11:10:44  3 of 24 OK created sql view model Extracted_data.dp_customers_duplicates ....... [[32mCREATE VIEW (0 processed)[0m in 1.16s]
[0m11:10:44  5 of 24 START sql view model Extracted_data.dp_geolocation_statistics .......... [RUN]
[0m11:10:44  4 of 24 OK created sql view model Extracted_data.dp_geolocation_completeness ... [[32mCREATE VIEW (0 processed)[0m in 1.33s]
[0m11:10:44  6 of 24 START sql view model Extracted_data.dp_order_items_completeness ........ [RUN]
[0m11:10:45  5 of 24 OK created sql view model Extracted_data.dp_geolocation_statistics ..... [[32mCREATE VIEW (0 processed)[0m in 1.07s]
[0m11:10:45  7 of 24 START sql view model Extracted_data.dp_order_items_relationships ....... [RUN]
[0m11:10:45  6 of 24 OK created sql view model Extracted_data.dp_order_items_completeness ... [[32mCREATE VIEW (0 processed)[0m in 1.13s]
[0m11:10:45  8 of 24 START sql view model Extracted_data.dp_order_items_statistics .......... [RUN]
[0m11:10:46  8 of 24 OK created sql view model Extracted_data.dp_order_items_statistics ..... [[32mCREATE VIEW (0 processed)[0m in 1.10s]
[0m11:10:46  9 of 24 START sql view model Extracted_data.dp_order_payments_completeness ..... [RUN]
[0m11:10:46  7 of 24 OK created sql view model Extracted_data.dp_order_items_relationships .. [[32mCREATE VIEW (0 processed)[0m in 1.43s]
[0m11:10:46  10 of 24 START sql view model Extracted_data.dp_order_payments_distribution .... [RUN]
[0m11:10:47  9 of 24 OK created sql view model Extracted_data.dp_order_payments_completeness  [[32mCREATE VIEW (0 processed)[0m in 1.20s]
[0m11:10:47  11 of 24 START sql view model Extracted_data.dp_order_payments_statistics ...... [RUN]
[0m11:10:48  10 of 24 OK created sql view model Extracted_data.dp_order_payments_distribution  [[32mCREATE VIEW (0 processed)[0m in 1.45s]
[0m11:10:48  12 of 24 START sql view model Extracted_data.dp_order_reviews_completeness ..... [RUN]
[0m11:10:48  11 of 24 OK created sql view model Extracted_data.dp_order_payments_statistics . [[32mCREATE VIEW (0 processed)[0m in 1.10s]
[0m11:10:48  13 of 24 START sql view model Extracted_data.dp_order_reviews_distribution ..... [RUN]
[0m11:10:49  12 of 24 OK created sql view model Extracted_data.dp_order_reviews_completeness  [[32mCREATE VIEW (0 processed)[0m in 1.14s]
[0m11:10:49  14 of 24 START sql view model Extracted_data.dp_orders_completenes ............. [RUN]
[0m11:10:50  13 of 24 OK created sql view model Extracted_data.dp_order_reviews_distribution  [[32mCREATE VIEW (0 processed)[0m in 1.30s]
[0m11:10:50  15 of 24 START sql view model Extracted_data.dp_orders_date_statistics ......... [RUN]
[0m11:10:50  14 of 24 OK created sql view model Extracted_data.dp_orders_completenes ........ [[32mCREATE VIEW (0 processed)[0m in 1.52s]
[0m11:10:50  16 of 24 START sql view model Extracted_data.dp_orders_duplicates .............. [RUN]
[0m11:10:51  15 of 24 OK created sql view model Extracted_data.dp_orders_date_statistics .... [[32mCREATE VIEW (0 processed)[0m in 1.50s]
[0m11:10:51  17 of 24 START sql view model Extracted_data.dp_orders_relationships ........... [RUN]
[0m11:10:52  16 of 24 OK created sql view model Extracted_data.dp_orders_duplicates ......... [[32mCREATE VIEW (0 processed)[0m in 2.10s]
[0m11:10:52  18 of 24 START sql view model Extracted_data.dp_orders_status_distribution ..... [RUN]
[0m11:10:52  17 of 24 OK created sql view model Extracted_data.dp_orders_relationships ...... [[32mCREATE VIEW (0 processed)[0m in 1.25s]
[0m11:10:52  19 of 24 START sql view model Extracted_data.dp_products_category_distribution . [RUN]
[0m11:10:54  19 of 24 OK created sql view model Extracted_data.dp_products_category_distribution  [[32mCREATE VIEW (0 processed)[0m in 1.35s]
[0m11:10:54  20 of 24 START sql view model Extracted_data.dp_products_completeness .......... [RUN]
[0m11:10:54  18 of 24 OK created sql view model Extracted_data.dp_orders_status_distribution  [[32mCREATE VIEW (0 processed)[0m in 1.59s]
[0m11:10:54  21 of 24 START sql view model Extracted_data.dp_products_duplicates ............ [RUN]
[0m11:10:55  21 of 24 OK created sql view model Extracted_data.dp_products_duplicates ....... [[32mCREATE VIEW (0 processed)[0m in 1.35s]
[0m11:10:55  22 of 24 START sql view model Extracted_data.dp_products_statistics ............ [RUN]
[0m11:10:55  20 of 24 OK created sql view model Extracted_data.dp_products_completeness ..... [[32mCREATE VIEW (0 processed)[0m in 1.61s]
[0m11:10:55  23 of 24 START sql view model Extracted_data.dp_sellers_completeness ........... [RUN]
[0m11:10:56  22 of 24 OK created sql view model Extracted_data.dp_products_statistics ....... [[32mCREATE VIEW (0 processed)[0m in 1.13s]
[0m11:10:56  24 of 24 START sql view model Extracted_data.dp_sellers_duplicates ............. [RUN]
[0m11:10:59  24 of 24 OK created sql view model Extracted_data.dp_sellers_duplicates ........ [[32mCREATE VIEW (0 processed)[0m in 1.04s]
[0m11:10:59  23 of 24 OK created sql view model Extracted_data.dp_sellers_completeness ...... [[32mCREATE VIEW (0 processed)[0m in 1.24s]
[0m11:10:59  
[0m11:10:59  Finished running 24 view models in 0 hours 0 minutes and 47.40 seconds (47.40s).
[0m11:10:59  
[0m11:10:59  [32mCompleted successfully[0m
[0m11:10:59  
[0m11:10:59  Done. PASS=24 WARN=0 ERROR=0 SKIP=0 NO-OP=0 TOTAL=24
