[0m10:45:08  Running with dbt=1.10.17
[0m10:45:11  Registered adapter: bigquery=1.11.0
[0m10:45:11  Found 72 models, 181 data tests, 9 sources, 973 macros
[0m10:45:11  
[0m10:45:11  Concurrency: 2 threads (target='dev')
[0m10:45:11  
[0m10:45:32  1 of 24 START sql view model Extracted_data.dp_category_translation_completeness  [RUN]
[0m10:45:32  2 of 24 START sql view model Extracted_data.dp_customers_completeness .......... [RUN]
[0m10:45:33  2 of 24 OK created sql view model Extracted_data.dp_customers_completeness ..... [[32mCREATE VIEW (0 processed)[0m in 1.39s]
[0m10:45:33  1 of 24 OK created sql view model Extracted_data.dp_category_translation_completeness  [[32mCREATE VIEW (0 processed)[0m in 1.39s]
[0m10:45:33  3 of 24 START sql view model Extracted_data.dp_customers_duplicates ............ [RUN]
[0m10:45:33  4 of 24 START sql view model Extracted_data.dp_geolocation_completeness ........ [RUN]
[0m10:45:34  3 of 24 OK created sql view model Extracted_data.dp_customers_duplicates ....... [[32mCREATE VIEW (0 processed)[0m in 1.10s]
[0m10:45:34  5 of 24 START sql view model Extracted_data.dp_geolocation_statistics .......... [RUN]
[0m10:45:35  4 of 24 OK created sql view model Extracted_data.dp_geolocation_completeness ... [[32mCREATE VIEW (0 processed)[0m in 1.21s]
[0m10:45:35  6 of 24 START sql view model Extracted_data.dp_order_items_completeness ........ [RUN]
[0m10:45:36  5 of 24 OK created sql view model Extracted_data.dp_geolocation_statistics ..... [[32mCREATE VIEW (0 processed)[0m in 1.26s]
[0m10:45:36  7 of 24 START sql view model Extracted_data.dp_order_items_relationships ....... [RUN]
[0m10:45:36  6 of 24 OK created sql view model Extracted_data.dp_order_items_completeness ... [[32mCREATE VIEW (0 processed)[0m in 1.59s]
[0m10:45:36  8 of 24 START sql view model Extracted_data.dp_order_items_statistics .......... [RUN]
[0m10:45:37  7 of 24 OK created sql view model Extracted_data.dp_order_items_relationships .. [[32mCREATE VIEW (0 processed)[0m in 1.08s]
[0m10:45:37  9 of 24 START sql view model Extracted_data.dp_order_payments_completeness ..... [RUN]
[0m10:45:37  8 of 24 OK created sql view model Extracted_data.dp_order_items_statistics ..... [[32mCREATE VIEW (0 processed)[0m in 1.03s]
[0m10:45:37  10 of 24 START sql view model Extracted_data.dp_order_payments_distribution .... [RUN]
[0m10:45:38  9 of 24 OK created sql view model Extracted_data.dp_order_payments_completeness  [[32mCREATE VIEW (0 processed)[0m in 1.16s]
[0m10:45:38  11 of 24 START sql view model Extracted_data.dp_order_payments_statistics ...... [RUN]
[0m10:45:38  10 of 24 OK created sql view model Extracted_data.dp_order_payments_distribution  [[32mCREATE VIEW (0 processed)[0m in 1.14s]
[0m10:45:38  12 of 24 START sql view model Extracted_data.dp_order_reviews_completeness ..... [RUN]
[0m10:45:39  11 of 24 OK created sql view model Extracted_data.dp_order_payments_statistics . [[32mCREATE VIEW (0 processed)[0m in 1.09s]
[0m10:45:39  13 of 24 START sql view model Extracted_data.dp_order_reviews_distribution ..... [RUN]
[0m10:45:39  12 of 24 OK created sql view model Extracted_data.dp_order_reviews_completeness  [[32mCREATE VIEW (0 processed)[0m in 1.13s]
[0m10:45:40  14 of 24 START sql view model Extracted_data.dp_orders_completenes ............. [RUN]
[0m10:45:40  13 of 24 OK created sql view model Extracted_data.dp_order_reviews_distribution  [[32mCREATE VIEW (0 processed)[0m in 1.18s]
[0m10:45:40  15 of 24 START sql view model Extracted_data.dp_orders_date_statistics ......... [RUN]
[0m10:45:41  14 of 24 OK created sql view model Extracted_data.dp_orders_completenes ........ [[32mCREATE VIEW (0 processed)[0m in 1.33s]
[0m10:45:41  16 of 24 START sql view model Extracted_data.dp_orders_duplicates .............. [RUN]
[0m10:45:42  15 of 24 OK created sql view model Extracted_data.dp_orders_date_statistics .... [[32mCREATE VIEW (0 processed)[0m in 1.24s]
[0m10:45:42  17 of 24 START sql view model Extracted_data.dp_orders_relationships ........... [RUN]
[0m10:45:42  16 of 24 OK created sql view model Extracted_data.dp_orders_duplicates ......... [[32mCREATE VIEW (0 processed)[0m in 1.19s]
[0m10:45:42  18 of 24 START sql view model Extracted_data.dp_orders_status_distribution ..... [RUN]
[0m10:45:43  17 of 24 OK created sql view model Extracted_data.dp_orders_relationships ...... [[32mCREATE VIEW (0 processed)[0m in 1.34s]
[0m10:45:43  19 of 24 START sql view model Extracted_data.dp_products_category_distribution . [RUN]
[0m10:45:43  18 of 24 OK created sql view model Extracted_data.dp_orders_status_distribution  [[32mCREATE VIEW (0 processed)[0m in 1.16s]
[0m10:45:43  20 of 24 START sql view model Extracted_data.dp_products_completeness .......... [RUN]
[0m10:45:44  19 of 24 OK created sql view model Extracted_data.dp_products_category_distribution  [[32mCREATE VIEW (0 processed)[0m in 1.10s]
[0m10:45:44  21 of 24 START sql view model Extracted_data.dp_products_duplicates ............ [RUN]
[0m10:45:45  20 of 24 OK created sql view model Extracted_data.dp_products_completeness ..... [[32mCREATE VIEW (0 processed)[0m in 1.38s]
[0m10:45:45  22 of 24 START sql view model Extracted_data.dp_products_statistics ............ [RUN]
[0m10:45:45  21 of 24 OK created sql view model Extracted_data.dp_products_duplicates ....... [[32mCREATE VIEW (0 processed)[0m in 1.12s]
[0m10:45:45  23 of 24 START sql view model Extracted_data.dp_sellers_completeness ........... [RUN]
[0m10:45:46  22 of 24 OK created sql view model Extracted_data.dp_products_statistics ....... [[32mCREATE VIEW (0 processed)[0m in 1.05s]
[0m10:45:46  24 of 24 START sql view model Extracted_data.dp_sellers_duplicates ............. [RUN]
[0m10:45:49  24 of 24 OK created sql view model Extracted_data.dp_sellers_duplicates ........ [[32mCREATE VIEW (0 processed)[0m in 1.07s]
[0m10:45:49  23 of 24 OK created sql view model Extracted_data.dp_sellers_completeness ...... [[32mCREATE VIEW (0 processed)[0m in 1.12s]
[0m10:45:49  
[0m10:45:49  Finished running 24 view models in 0 hours 0 minutes and 37.43 seconds (37.43s).
[0m10:45:49  
[0m10:45:49  [32mCompleted successfully[0m
[0m10:45:49  
[0m10:45:49  Done. PASS=24 WARN=0 ERROR=0 SKIP=0 NO-OP=0 TOTAL=24
