[0m10:47:57  Running with dbt=1.10.17
[0m10:48:00  Registered adapter: bigquery=1.11.0
[0m10:48:01  Found 72 models, 181 data tests, 9 sources, 973 macros
[0m10:48:01  
[0m10:48:01  Concurrency: 2 threads (target='dev')
[0m10:48:01  
[0m10:48:10  1 of 20 START sql table model Extracted_data.dim1_customers .................... [RUN]
[0m10:48:10  2 of 20 START sql table model Extracted_data.dim1_dates ........................ [RUN]
[0m10:48:14  2 of 20 OK created sql table model Extracted_data.dim1_dates ................... [[32mCREATE TABLE (634.0 rows, 4.0 MiB processed)[0m in 3.84s]
[0m10:48:14  3 of 20 START sql table model Extracted_data.dim1_products ..................... [RUN]
[0m10:48:17  3 of 20 OK created sql table model Extracted_data.dim1_products ................ [[32mCREATE TABLE (33.0k rows, 2.6 MiB processed)[0m in 3.69s]
[0m10:48:17  4 of 20 START sql table model Extracted_data.dim1_sellers ...................... [RUN]
[0m10:48:31  4 of 20 OK created sql table model Extracted_data.dim1_sellers ................. [[32mCREATE TABLE (3.1k rows, 175.8 KiB processed)[0m in 14.12s]
[0m10:48:31  5 of 20 START sql table model Extracted_data.fact_order1_items ................. [RUN]
[0m10:48:36  5 of 20 OK created sql table model Extracted_data.fact_order1_items ............ [[32mCREATE TABLE (112.7k rows, 21.8 MiB processed)[0m in 4.65s]
[0m10:48:36  6 of 20 START sql table model Extracted_data.fact_orders1 ...................... [RUN]
[0m10:48:38  1 of 20 OK created sql table model Extracted_data.dim1_customers ............... [[32mCREATE TABLE (99.4k rows, 8.8 MiB processed)[0m in 28.32s]
[0m10:48:38  7 of 20 START test not_null_dim1_dates_date_day ................................ [RUN]
[0m10:48:40  7 of 20 PASS not_null_dim1_dates_date_day ...................................... [[32mPASS[0m in 1.57s]
[0m10:48:40  8 of 20 START test unique_dim1_dates_date_day .................................. [RUN]
[0m10:48:41  8 of 20 PASS unique_dim1_dates_date_day ........................................ [[32mPASS[0m in 1.61s]
[0m10:48:41  9 of 20 START test not_null_dim1_products_product_id ........................... [RUN]
[0m10:48:42  6 of 20 OK created sql table model Extracted_data.fact_orders1 ................. [[32mCREATE TABLE (99.4k rows, 26.6 MiB processed)[0m in 5.59s]
[0m10:48:42  10 of 20 START test unique_dim1_products_product_id ............................ [RUN]
[0m10:48:43  9 of 20 PASS not_null_dim1_products_product_id ................................. [[32mPASS[0m in 1.55s]
[0m10:48:43  11 of 20 START test not_null_dim1_sellers_seller_id ............................ [RUN]
[0m10:48:43  10 of 20 PASS unique_dim1_products_product_id .................................. [[32mPASS[0m in 1.40s]
[0m10:48:43  12 of 20 START test unique_dim1_sellers_seller_id .............................. [RUN]
[0m10:48:44  11 of 20 PASS not_null_dim1_sellers_seller_id .................................. [[32mPASS[0m in 1.54s]
[0m10:48:44  13 of 20 START test relationships_fact_order1_items_product_id__product_id__ref_dim1_products_  [RUN]
[0m10:48:45  12 of 20 PASS unique_dim1_sellers_seller_id .................................... [[32mPASS[0m in 1.46s]
[0m10:48:45  14 of 20 START test relationships_fact_order1_items_seller_id__seller_id__ref_dim1_sellers_  [RUN]
[0m10:48:46  13 of 20 PASS relationships_fact_order1_items_product_id__product_id__ref_dim1_products_  [[32mPASS[0m in 1.79s]
[0m10:48:46  15 of 20 START test not_null_dim1_customers_customer_id ........................ [RUN]
[0m10:48:46  14 of 20 PASS relationships_fact_order1_items_seller_id__seller_id__ref_dim1_sellers_  [[32mPASS[0m in 1.79s]
[0m10:48:46  16 of 20 START test unique_dim1_customers_customer_id .......................... [RUN]
[0m10:48:48  15 of 20 PASS not_null_dim1_customers_customer_id .............................. [[32mPASS[0m in 1.50s]
[0m10:48:48  17 of 20 START test not_null_fact_orders1_order_id ............................. [RUN]
[0m10:48:48  16 of 20 PASS unique_dim1_customers_customer_id ................................ [[32mPASS[0m in 1.60s]
[0m10:48:48  18 of 20 START test relationships_fact_order1_items_order_id__order_id__ref_fact_orders1_  [RUN]
[0m10:48:49  17 of 20 PASS not_null_fact_orders1_order_id ................................... [[32mPASS[0m in 1.74s]
[0m10:48:49  19 of 20 START test relationships_fact_orders1_customer_id__customer_id__ref_dim1_customers_  [RUN]
[0m10:48:50  18 of 20 PASS relationships_fact_order1_items_order_id__order_id__ref_fact_orders1_  [[32mPASS[0m in 1.81s]
[0m10:48:50  20 of 20 START test unique_fact_orders1_order_id ............................... [RUN]
[0m10:48:51  19 of 20 PASS relationships_fact_orders1_customer_id__customer_id__ref_dim1_customers_  [[32mPASS[0m in 1.55s]
[0m10:48:52  20 of 20 PASS unique_fact_orders1_order_id ..................................... [[32mPASS[0m in 2.09s]
[0m10:48:52  
[0m10:48:52  Finished running 6 table models, 14 data tests in 0 hours 0 minutes and 51.38 seconds (51.38s).
[0m10:48:52  
[0m10:48:52  [32mCompleted successfully[0m
[0m10:48:52  
[0m10:48:52  Done. PASS=20 WARN=0 ERROR=0 SKIP=0 NO-OP=0 TOTAL=20
