[0m10:45:55  Running with dbt=1.10.17
[0m10:45:58  Registered adapter: bigquery=1.11.0
[0m10:45:59  Found 72 models, 181 data tests, 9 sources, 973 macros
[0m10:45:59  
[0m10:45:59  Concurrency: 2 threads (target='dev')
[0m10:45:59  
[0m10:46:16  1 of 9 START sql view model Extracted_data.sc_category_translation ............. [RUN]
[0m10:46:16  2 of 9 START sql view model Extracted_data.sc_customers ........................ [RUN]
[0m10:46:17  1 of 9 OK created sql view model Extracted_data.sc_category_translation ........ [[32mCREATE VIEW (0 processed)[0m in 1.29s]
[0m10:46:17  3 of 9 START sql view model Extracted_data.sc_geolocation ...................... [RUN]
[0m10:46:17  2 of 9 OK created sql view model Extracted_data.sc_customers ................... [[32mCREATE VIEW (0 processed)[0m in 1.59s]
[0m10:46:17  4 of 9 START sql view model Extracted_data.sc_order_items ...................... [RUN]
[0m10:46:18  3 of 9 OK created sql view model Extracted_data.sc_geolocation ................. [[32mCREATE VIEW (0 processed)[0m in 1.23s]
[0m10:46:18  5 of 9 START sql view model Extracted_data.sc_order_payments ................... [RUN]
[0m10:46:18  4 of 9 OK created sql view model Extracted_data.sc_order_items ................. [[32mCREATE VIEW (0 processed)[0m in 0.99s]
[0m10:46:18  6 of 9 START sql view model Extracted_data.sc_order_reviews .................... [RUN]
[0m10:46:19  5 of 9 OK created sql view model Extracted_data.sc_order_payments .............. [[32mCREATE VIEW (0 processed)[0m in 1.04s]
[0m10:46:19  7 of 9 START sql view model Extracted_data.sc_orders ........................... [RUN]
[0m10:46:19  6 of 9 OK created sql view model Extracted_data.sc_order_reviews ............... [[32mCREATE VIEW (0 processed)[0m in 1.09s]
[0m10:46:19  8 of 9 START sql view model Extracted_data.sc_products ......................... [RUN]
[0m10:46:20  8 of 9 OK created sql view model Extracted_data.sc_products .................... [[32mCREATE VIEW (0 processed)[0m in 1.12s]
[0m10:46:20  9 of 9 START sql view model Extracted_data.sc_sellers .......................... [RUN]
[0m10:46:21  7 of 9 OK created sql view model Extracted_data.sc_orders ...................... [[32mCREATE VIEW (0 processed)[0m in 1.46s]
[0m10:46:21  9 of 9 OK created sql view model Extracted_data.sc_sellers ..................... [[32mCREATE VIEW (0 processed)[0m in 1.12s]
[0m10:46:21  
[0m10:46:21  Finished running 9 view models in 0 hours 0 minutes and 22.90 seconds (22.90s).
[0m10:46:22  
[0m10:46:22  [32mCompleted successfully[0m
[0m10:46:22  
[0m10:46:22  Done. PASS=9 WARN=0 ERROR=0 SKIP=0 NO-OP=0 TOTAL=9
