[0m10:47:57  Running with dbt=1.10.17
[0m10:48:00  Registered adapter: bigquery=1.11.0
[0m10:48:00  Found 72 models, 181 data tests, 9 sources, 973 macros
[0m10:48:00  
[0m10:48:00  Concurrency: 2 threads (target='dev')
[0m10:48:00  
[0m10:48:09  1 of 20 START sql table model Extracted_data.dim1_customers .................... [RUN]
[0m10:48:09  2 of 20 START sql table model Extracted_data.dim1_dates ........................ [RUN]
[0m10:48:13  1 of 20 OK created sql table model Extracted_data.dim1_customers ............... [[32mCREATE TABLE (99.4k rows, 8.8 MiB processed)[0m in 4.07s]
[0m10:48:13  3 of 20 START sql table model Extracted_data.dim1_products ..................... [RUN]
[0m10:48:13  2 of 20 OK created sql table model Extracted_data.dim1_dates ................... [[32mCREATE TABLE (634.0 rows, 4.0 MiB processed)[0m in 4.32s]
[0m10:48:13  4 of 20 START sql table model Extracted_data.dim1_sellers ...................... [RUN]
[0m10:48:17  3 of 20 OK created sql table model Extracted_data.dim1_products ................ [[32mCREATE TABLE (33.0k rows, 2.6 MiB processed)[0m in 3.61s]
[0m10:48:17  5 of 20 START sql table model Extracted_data.fact_order1_items ................. [RUN]
[0m10:48:17  4 of 20 OK created sql table model Extracted_data.dim1_sellers ................. [[32mCREATE TABLE (3.1k rows, 175.8 KiB processed)[0m in 3.76s]
[0m10:48:17  6 of 20 START sql table model Extracted_data.fact_orders1 ...................... [RUN]
[0m10:48:22  5 of 20 OK created sql table model Extracted_data.fact_order1_items ............ [[32mCREATE TABLE (112.7k rows, 21.8 MiB processed)[0m in 4.83s]
[0m10:48:22  7 of 20 START test not_null_dim1_customers_customer_id ......................... [RUN]
[0m10:48:22  6 of 20 OK created sql table model Extracted_data.fact_orders1 ................. [[32mCREATE TABLE (99.4k rows, 26.6 MiB processed)[0m in 4.87s]
[0m10:48:22  8 of 20 START test unique_dim1_customers_customer_id ........................... [RUN]
[0m10:48:23  7 of 20 PASS not_null_dim1_customers_customer_id ............................... [[32mPASS[0m in 1.64s]
[0m10:48:23  9 of 20 START test not_null_dim1_dates_date_day ................................ [RUN]
[0m10:48:24  8 of 20 PASS unique_dim1_customers_customer_id ................................. [[32mPASS[0m in 1.60s]
[0m10:48:24  10 of 20 START test unique_dim1_dates_date_day ................................. [RUN]
[0m10:48:25  9 of 20 PASS not_null_dim1_dates_date_day ...................................... [[32mPASS[0m in 1.50s]
[0m10:48:25  11 of 20 START test not_null_dim1_products_product_id .......................... [RUN]
[0m10:48:25  10 of 20 PASS unique_dim1_dates_date_day ....................................... [[32mPASS[0m in 1.55s]
[0m10:48:25  12 of 20 START test unique_dim1_products_product_id ............................ [RUN]
[0m10:48:26  11 of 20 PASS not_null_dim1_products_product_id ................................ [[32mPASS[0m in 1.61s]
[0m10:48:26  13 of 20 START test not_null_dim1_sellers_seller_id ............................ [RUN]
[0m10:48:27  12 of 20 PASS unique_dim1_products_product_id .................................. [[32mPASS[0m in 1.75s]
[0m10:48:27  14 of 20 START test unique_dim1_sellers_seller_id .............................. [RUN]
[0m10:48:28  13 of 20 PASS not_null_dim1_sellers_seller_id .................................. [[32mPASS[0m in 1.58s]
[0m10:48:28  15 of 20 START test relationships_fact_order1_items_product_id__product_id__ref_dim1_products_  [RUN]
[0m10:48:29  14 of 20 PASS unique_dim1_sellers_seller_id .................................... [[32mPASS[0m in 1.75s]
[0m10:48:29  16 of 20 START test relationships_fact_order1_items_seller_id__seller_id__ref_dim1_sellers_  [RUN]
[0m10:48:29  15 of 20 PASS relationships_fact_order1_items_product_id__product_id__ref_dim1_products_  [[32mPASS[0m in 1.47s]
[0m10:48:29  17 of 20 START test not_null_fact_orders1_order_id ............................. [RUN]
[0m10:48:30  16 of 20 PASS relationships_fact_order1_items_seller_id__seller_id__ref_dim1_sellers_  [[32mPASS[0m in 1.55s]
[0m10:48:30  18 of 20 START test relationships_fact_order1_items_order_id__order_id__ref_fact_orders1_  [RUN]
[0m10:48:32  17 of 20 PASS not_null_fact_orders1_order_id ................................... [[32mPASS[0m in 2.29s]
[0m10:48:32  19 of 20 START test relationships_fact_orders1_customer_id__customer_id__ref_dim1_customers_  [RUN]
[0m10:48:32  18 of 20 PASS relationships_fact_order1_items_order_id__order_id__ref_fact_orders1_  [[32mPASS[0m in 1.47s]
[0m10:48:32  20 of 20 START test unique_fact_orders1_order_id ............................... [RUN]
[0m10:48:33  20 of 20 PASS unique_fact_orders1_order_id ..................................... [[32mPASS[0m in 1.46s]
[0m10:48:33  19 of 20 PASS relationships_fact_orders1_customer_id__customer_id__ref_dim1_customers_  [[32mPASS[0m in 1.71s]
[0m10:48:33  
[0m10:48:33  Finished running 6 table models, 14 data tests in 0 hours 0 minutes and 32.95 seconds (32.95s).
[0m10:48:33  
[0m10:48:33  [32mCompleted successfully[0m
[0m10:48:33  
[0m10:48:33  Done. PASS=20 WARN=0 ERROR=0 SKIP=0 NO-OP=0 TOTAL=20
