[0m11:03:23  Running with dbt=1.10.17
[0m11:03:26  Registered adapter: bigquery=1.11.0
[0m11:03:27  Found 72 models, 181 data tests, 9 sources, 973 macros
[0m11:03:27  
[0m11:03:27  Concurrency: 2 threads (target='dev')
[0m11:03:27  
[0m11:03:54  1 of 20 START sql table model Extracted_data.dim1_customers .................... [RUN]
[0m11:03:54  2 of 20 START sql table model Extracted_data.dim1_dates ........................ [RUN]
[0m11:03:59  1 of 20 OK created sql table model Extracted_data.dim1_customers ............... [[32mCREATE TABLE (99.4k rows, 8.8 MiB processed)[0m in 4.32s]
[0m11:03:59  3 of 20 START sql table model Extracted_data.dim1_products ..................... [RUN]
[0m11:03:59  2 of 20 OK created sql table model Extracted_data.dim1_dates ................... [[32mCREATE TABLE (634.0 rows, 4.0 MiB processed)[0m in 4.47s]
[0m11:03:59  4 of 20 START sql table model Extracted_data.dim1_sellers ...................... [RUN]
[0m11:04:02  4 of 20 OK created sql table model Extracted_data.dim1_sellers ................. [[32mCREATE TABLE (3.1k rows, 175.8 KiB processed)[0m in 3.36s]
[0m11:04:02  5 of 20 START sql table model Extracted_data.fact_order1_items ................. [RUN]
[0m11:04:03  3 of 20 OK created sql table model Extracted_data.dim1_products ................ [[32mCREATE TABLE (33.0k rows, 2.6 MiB processed)[0m in 3.87s]
[0m11:04:03  6 of 20 START sql table model Extracted_data.fact_orders1 ...................... [RUN]
[0m11:04:07  5 of 20 OK created sql table model Extracted_data.fact_order1_items ............ [[32mCREATE TABLE (112.7k rows, 21.8 MiB processed)[0m in 4.55s]
[0m11:04:07  7 of 20 START test not_null_dim1_customers_customer_id ......................... [RUN]
[0m11:04:09  7 of 20 PASS not_null_dim1_customers_customer_id ............................... [[32mPASS[0m in 1.74s]
[0m11:04:09  8 of 20 START test unique_dim1_customers_customer_id ........................... [RUN]
[0m11:04:11  8 of 20 PASS unique_dim1_customers_customer_id ................................. [[32mPASS[0m in 2.60s]
[0m11:04:11  9 of 20 START test not_null_dim1_dates_date_day ................................ [RUN]
[0m11:04:12  6 of 20 OK created sql table model Extracted_data.fact_orders1 ................. [[32mCREATE TABLE (99.4k rows, 26.6 MiB processed)[0m in 9.62s]
[0m11:04:12  10 of 20 START test unique_dim1_dates_date_day ................................. [RUN]
[0m11:04:13  9 of 20 PASS not_null_dim1_dates_date_day ...................................... [[32mPASS[0m in 1.60s]
[0m11:04:13  11 of 20 START test not_null_dim1_sellers_seller_id ............................ [RUN]
[0m11:04:14  10 of 20 PASS unique_dim1_dates_date_day ....................................... [[32mPASS[0m in 1.92s]
[0m11:04:14  12 of 20 START test unique_dim1_sellers_seller_id .............................. [RUN]
[0m11:04:15  11 of 20 PASS not_null_dim1_sellers_seller_id .................................. [[32mPASS[0m in 1.74s]
[0m11:04:15  13 of 20 START test not_null_dim1_products_product_id .......................... [RUN]
[0m11:04:16  12 of 20 PASS unique_dim1_sellers_seller_id .................................... [[32mPASS[0m in 1.58s]
[0m11:04:16  14 of 20 START test unique_dim1_products_product_id ............................ [RUN]
[0m11:04:16  13 of 20 PASS not_null_dim1_products_product_id ................................ [[32mPASS[0m in 1.69s]
[0m11:04:16  15 of 20 START test relationships_fact_order1_items_product_id__product_id__ref_dim1_products_  [RUN]
[0m11:04:18  14 of 20 PASS unique_dim1_products_product_id .................................. [[32mPASS[0m in 1.88s]
[0m11:04:18  16 of 20 START test relationships_fact_order1_items_seller_id__seller_id__ref_dim1_sellers_  [RUN]
[0m11:04:19  15 of 20 PASS relationships_fact_order1_items_product_id__product_id__ref_dim1_products_  [[32mPASS[0m in 2.29s]
[0m11:04:19  17 of 20 START test not_null_fact_orders1_order_id ............................. [RUN]
[0m11:04:19  16 of 20 PASS relationships_fact_order1_items_seller_id__seller_id__ref_dim1_sellers_  [[32mPASS[0m in 1.70s]
[0m11:04:19  18 of 20 START test relationships_fact_order1_items_order_id__order_id__ref_fact_orders1_  [RUN]
[0m11:04:20  17 of 20 PASS not_null_fact_orders1_order_id ................................... [[32mPASS[0m in 1.80s]
[0m11:04:20  19 of 20 START test relationships_fact_orders1_customer_id__customer_id__ref_dim1_customers_  [RUN]
[0m11:04:21  18 of 20 PASS relationships_fact_order1_items_order_id__order_id__ref_fact_orders1_  [[32mPASS[0m in 1.83s]
[0m11:04:21  20 of 20 START test unique_fact_orders1_order_id ............................... [RUN]
[0m11:04:23  19 of 20 PASS relationships_fact_orders1_customer_id__customer_id__ref_dim1_customers_  [[32mPASS[0m in 2.21s]
[0m11:04:23  20 of 20 PASS unique_fact_orders1_order_id ..................................... [[32mPASS[0m in 1.62s]
[0m11:04:23  
[0m11:04:23  Finished running 6 table models, 14 data tests in 0 hours 0 minutes and 56.28 seconds (56.28s).
[0m11:04:23  
[0m11:04:23  [32mCompleted successfully[0m
[0m11:04:23  
[0m11:04:23  Done. PASS=20 WARN=0 ERROR=0 SKIP=0 NO-OP=0 TOTAL=20
