[0m11:00:05  Running with dbt=1.10.17
[0m11:00:07  Registered adapter: bigquery=1.11.0
[0m11:00:07  Found 72 models, 181 data tests, 9 sources, 973 macros
[0m11:00:07  
[0m11:00:07  Concurrency: 2 threads (target='dev')
[0m11:00:07  
[0m11:00:36  1 of 24 START sql view model Extracted_data.dp_category_translation_completeness  [RUN]
[0m11:00:36  2 of 24 START sql view model Extracted_data.dp_customers_completeness .......... [RUN]
[0m11:00:37  2 of 24 OK created sql view model Extracted_data.dp_customers_completeness ..... [[32mCREATE VIEW (0 processed)[0m in 1.45s]
[0m11:00:37  3 of 24 START sql view model Extracted_data.dp_customers_duplicates ............ [RUN]
[0m11:00:37  1 of 24 OK created sql view model Extracted_data.dp_category_translation_completeness  [[32mCREATE VIEW (0 processed)[0m in 1.69s]
[0m11:00:37  4 of 24 START sql view model Extracted_data.dp_geolocation_completeness ........ [RUN]
[0m11:00:38  3 of 24 OK created sql view model Extracted_data.dp_customers_duplicates ....... [[32mCREATE VIEW (0 processed)[0m in 1.08s]
[0m11:00:38  5 of 24 START sql view model Extracted_data.dp_geolocation_statistics .......... [RUN]
[0m11:00:38  4 of 24 OK created sql view model Extracted_data.dp_geolocation_completeness ... [[32mCREATE VIEW (0 processed)[0m in 1.16s]
[0m11:00:38  6 of 24 START sql view model Extracted_data.dp_order_items_completeness ........ [RUN]
[0m11:00:39  5 of 24 OK created sql view model Extracted_data.dp_geolocation_statistics ..... [[32mCREATE VIEW (0 processed)[0m in 1.08s]
[0m11:00:39  7 of 24 START sql view model Extracted_data.dp_order_items_relationships ....... [RUN]
[0m11:00:40  6 of 24 OK created sql view model Extracted_data.dp_order_items_completeness ... [[32mCREATE VIEW (0 processed)[0m in 1.10s]
[0m11:00:40  8 of 24 START sql view model Extracted_data.dp_order_items_statistics .......... [RUN]
[0m11:00:40  7 of 24 OK created sql view model Extracted_data.dp_order_items_relationships .. [[32mCREATE VIEW (0 processed)[0m in 1.25s]
[0m11:00:40  9 of 24 START sql view model Extracted_data.dp_order_payments_completeness ..... [RUN]
[0m11:00:41  8 of 24 OK created sql view model Extracted_data.dp_order_items_statistics ..... [[32mCREATE VIEW (0 processed)[0m in 1.56s]
[0m11:00:41  10 of 24 START sql view model Extracted_data.dp_order_payments_distribution .... [RUN]
[0m11:00:42  9 of 24 OK created sql view model Extracted_data.dp_order_payments_completeness  [[32mCREATE VIEW (0 processed)[0m in 1.19s]
[0m11:00:42  11 of 24 START sql view model Extracted_data.dp_order_payments_statistics ...... [RUN]
[0m11:00:42  10 of 24 OK created sql view model Extracted_data.dp_order_payments_distribution  [[32mCREATE VIEW (0 processed)[0m in 1.14s]
[0m11:00:42  12 of 24 START sql view model Extracted_data.dp_order_reviews_completeness ..... [RUN]
[0m11:00:43  11 of 24 OK created sql view model Extracted_data.dp_order_payments_statistics . [[32mCREATE VIEW (0 processed)[0m in 1.01s]
[0m11:00:43  13 of 24 START sql view model Extracted_data.dp_order_reviews_distribution ..... [RUN]
[0m11:00:43  12 of 24 OK created sql view model Extracted_data.dp_order_reviews_completeness  [[32mCREATE VIEW (0 processed)[0m in 1.09s]
[0m11:00:43  14 of 24 START sql view model Extracted_data.dp_orders_completenes ............. [RUN]
[0m11:00:44  13 of 24 OK created sql view model Extracted_data.dp_order_reviews_distribution  [[32mCREATE VIEW (0 processed)[0m in 1.03s]
[0m11:00:44  15 of 24 START sql view model Extracted_data.dp_orders_date_statistics ......... [RUN]
[0m11:00:45  14 of 24 OK created sql view model Extracted_data.dp_orders_completenes ........ [[32mCREATE VIEW (0 processed)[0m in 1.17s]
[0m11:00:45  16 of 24 START sql view model Extracted_data.dp_orders_duplicates .............. [RUN]
[0m11:00:45  15 of 24 OK created sql view model Extracted_data.dp_orders_date_statistics .... [[32mCREATE VIEW (0 processed)[0m in 1.53s]
[0m11:00:45  17 of 24 START sql view model Extracted_data.dp_orders_relationships ........... [RUN]
[0m11:00:46  16 of 24 OK created sql view model Extracted_data.dp_orders_duplicates ......... [[32mCREATE VIEW (0 processed)[0m in 1.31s]
[0m11:00:46  18 of 24 START sql view model Extracted_data.dp_orders_status_distribution ..... [RUN]
[0m11:00:47  17 of 24 OK created sql view model Extracted_data.dp_orders_relationships ...... [[32mCREATE VIEW (0 processed)[0m in 1.35s]
[0m11:00:47  19 of 24 START sql view model Extracted_data.dp_products_category_distribution . [RUN]
[0m11:00:47  18 of 24 OK created sql view model Extracted_data.dp_orders_status_distribution  [[32mCREATE VIEW (0 processed)[0m in 1.14s]
[0m11:00:47  20 of 24 START sql view model Extracted_data.dp_products_completeness .......... [RUN]
[0m11:00:48  19 of 24 OK created sql view model Extracted_data.dp_products_category_distribution  [[32mCREATE VIEW (0 processed)[0m in 1.25s]
[0m11:00:48  21 of 24 START sql view model Extracted_data.dp_products_duplicates ............ [RUN]
[0m11:00:48  20 of 24 OK created sql view model Extracted_data.dp_products_completeness ..... [[32mCREATE VIEW (0 processed)[0m in 0.95s]
[0m11:00:48  22 of 24 START sql view model Extracted_data.dp_products_statistics ............ [RUN]
[0m11:00:49  22 of 24 OK created sql view model Extracted_data.dp_products_statistics ....... [[32mCREATE VIEW (0 processed)[0m in 0.92s]
[0m11:00:49  23 of 24 START sql view model Extracted_data.dp_sellers_completeness ........... [RUN]
[0m11:00:49  21 of 24 OK created sql view model Extracted_data.dp_products_duplicates ....... [[32mCREATE VIEW (0 processed)[0m in 1.25s]
[0m11:00:49  24 of 24 START sql view model Extracted_data.dp_sellers_duplicates ............. [RUN]
[0m11:00:52  24 of 24 OK created sql view model Extracted_data.dp_sellers_duplicates ........ [[32mCREATE VIEW (0 processed)[0m in 1.01s]
[0m11:00:52  23 of 24 OK created sql view model Extracted_data.dp_sellers_completeness ...... [[32mCREATE VIEW (0 processed)[0m in 1.03s]
[0m11:00:52  
[0m11:00:52  Finished running 24 view models in 0 hours 0 minutes and 44.13 seconds (44.13s).
[0m11:00:52  
[0m11:00:52  [32mCompleted successfully[0m
[0m11:00:52  
[0m11:00:52  Done. PASS=24 WARN=0 ERROR=0 SKIP=0 NO-OP=0 TOTAL=24
