[0m11:08:44  Running with dbt=1.10.17
[0m11:08:47  Registered adapter: bigquery=1.11.0
[0m11:08:47  Found 72 models, 181 data tests, 9 sources, 973 macros
[0m11:08:47  
[0m11:08:47  Concurrency: 2 threads (target='dev')
[0m11:08:47  
[0m11:09:19  1 of 20 START sql table model Extracted_data.dim1_customers .................... [RUN]
[0m11:09:19  2 of 20 START sql table model Extracted_data.dim1_dates ........................ [RUN]
[0m11:09:23  2 of 20 OK created sql table model Extracted_data.dim1_dates ................... [[32mCREATE TABLE (634.0 rows, 4.0 MiB processed)[0m in 3.76s]
[0m11:09:23  3 of 20 START sql table model Extracted_data.dim1_products ..................... [RUN]
[0m11:09:23  1 of 20 OK created sql table model Extracted_data.dim1_customers ............... [[32mCREATE TABLE (99.4k rows, 8.8 MiB processed)[0m in 4.28s]
[0m11:09:23  4 of 20 START sql table model Extracted_data.dim1_sellers ...................... [RUN]
[0m11:09:27  4 of 20 OK created sql table model Extracted_data.dim1_sellers ................. [[32mCREATE TABLE (3.1k rows, 175.8 KiB processed)[0m in 3.58s]
[0m11:09:27  5 of 20 START sql table model Extracted_data.fact_order1_items ................. [RUN]
[0m11:09:27  3 of 20 OK created sql table model Extracted_data.dim1_products ................ [[32mCREATE TABLE (33.0k rows, 2.6 MiB processed)[0m in 4.33s]
[0m11:09:27  6 of 20 START sql table model Extracted_data.fact_orders1 ...................... [RUN]
[0m11:09:31  5 of 20 OK created sql table model Extracted_data.fact_order1_items ............ [[32mCREATE TABLE (112.7k rows, 21.8 MiB processed)[0m in 4.47s]
[0m11:09:31  7 of 20 START test not_null_dim1_dates_date_day ................................ [RUN]
[0m11:09:32  6 of 20 OK created sql table model Extracted_data.fact_orders1 ................. [[32mCREATE TABLE (99.4k rows, 26.6 MiB processed)[0m in 5.17s]
[0m11:09:32  8 of 20 START test unique_dim1_dates_date_day .................................. [RUN]
[0m11:09:33  7 of 20 PASS not_null_dim1_dates_date_day ...................................... [[32mPASS[0m in 1.88s]
[0m11:09:33  9 of 20 START test not_null_dim1_customers_customer_id ......................... [RUN]
[0m11:09:34  8 of 20 PASS unique_dim1_dates_date_day ........................................ [[32mPASS[0m in 1.85s]
[0m11:09:34  10 of 20 START test unique_dim1_customers_customer_id .......................... [RUN]
[0m11:09:35  9 of 20 PASS not_null_dim1_customers_customer_id ............................... [[32mPASS[0m in 1.84s]
[0m11:09:35  11 of 20 START test not_null_dim1_sellers_seller_id ............................ [RUN]
[0m11:09:36  10 of 20 PASS unique_dim1_customers_customer_id ................................ [[32mPASS[0m in 1.67s]
[0m11:09:36  12 of 20 START test unique_dim1_sellers_seller_id .............................. [RUN]
[0m11:09:37  11 of 20 PASS not_null_dim1_sellers_seller_id .................................. [[32mPASS[0m in 1.83s]
[0m11:09:37  13 of 20 START test not_null_dim1_products_product_id .......................... [RUN]
[0m11:09:37  12 of 20 PASS unique_dim1_sellers_seller_id .................................... [[32mPASS[0m in 1.53s]
[0m11:09:37  14 of 20 START test unique_dim1_products_product_id ............................ [RUN]
[0m11:09:39  13 of 20 PASS not_null_dim1_products_product_id ................................ [[32mPASS[0m in 1.61s]
[0m11:09:39  15 of 20 START test relationships_fact_order1_items_product_id__product_id__ref_dim1_products_  [RUN]
[0m11:09:39  14 of 20 PASS unique_dim1_products_product_id .................................. [[32mPASS[0m in 1.82s]
[0m11:09:39  16 of 20 START test relationships_fact_order1_items_seller_id__seller_id__ref_dim1_sellers_  [RUN]
[0m11:09:41  15 of 20 PASS relationships_fact_order1_items_product_id__product_id__ref_dim1_products_  [[32mPASS[0m in 2.03s]
[0m11:09:41  17 of 20 START test not_null_fact_orders1_order_id ............................. [RUN]
[0m11:09:41  16 of 20 PASS relationships_fact_order1_items_seller_id__seller_id__ref_dim1_sellers_  [[32mPASS[0m in 1.91s]
[0m11:09:41  18 of 20 START test relationships_fact_order1_items_order_id__order_id__ref_fact_orders1_  [RUN]
[0m11:09:42  17 of 20 PASS not_null_fact_orders1_order_id ................................... [[32mPASS[0m in 1.78s]
[0m11:09:42  19 of 20 START test relationships_fact_orders1_customer_id__customer_id__ref_dim1_customers_  [RUN]
[0m11:09:43  18 of 20 PASS relationships_fact_order1_items_order_id__order_id__ref_fact_orders1_  [[32mPASS[0m in 1.83s]
[0m11:09:43  20 of 20 START test unique_fact_orders1_order_id ............................... [RUN]
[0m11:09:44  19 of 20 PASS relationships_fact_orders1_customer_id__customer_id__ref_dim1_customers_  [[32mPASS[0m in 1.72s]
[0m11:09:45  20 of 20 PASS unique_fact_orders1_order_id ..................................... [[32mPASS[0m in 1.89s]
[0m11:09:45  
[0m11:09:45  Finished running 6 table models, 14 data tests in 0 hours 0 minutes and 57.65 seconds (57.65s).
[0m11:09:45  
[0m11:09:45  [32mCompleted successfully[0m
[0m11:09:45  
[0m11:09:45  Done. PASS=20 WARN=0 ERROR=0 SKIP=0 NO-OP=0 TOTAL=20
