[0m11:06:01  Running with dbt=1.10.17
[0m11:06:04  Registered adapter: bigquery=1.11.0
[0m11:06:04  Found 72 models, 181 data tests, 9 sources, 973 macros
[0m11:06:04  
[0m11:06:04  Concurrency: 2 threads (target='dev')
[0m11:06:04  
[0m11:06:36  1 of 9 START sql view model Extracted_data.sc_category_translation ............. [RUN]
[0m11:06:36  2 of 9 START sql view model Extracted_data.sc_customers ........................ [RUN]
[0m11:06:38  2 of 9 OK created sql view model Extracted_data.sc_customers ................... [[32mCREATE VIEW (0 processed)[0m in 1.76s]
[0m11:06:38  1 of 9 OK created sql view model Extracted_data.sc_category_translation ........ [[32mCREATE VIEW (0 processed)[0m in 1.76s]
[0m11:06:38  3 of 9 START sql view model Extracted_data.sc_geolocation ...................... [RUN]
[0m11:06:38  4 of 9 START sql view model Extracted_data.sc_order_items ...................... [RUN]
[0m11:06:39  3 of 9 OK created sql view model Extracted_data.sc_geolocation ................. [[32mCREATE VIEW (0 processed)[0m in 1.13s]
[0m11:06:39  5 of 9 START sql view model Extracted_data.sc_order_payments ................... [RUN]
[0m11:06:40  4 of 9 OK created sql view model Extracted_data.sc_order_items ................. [[32mCREATE VIEW (0 processed)[0m in 1.70s]
[0m11:06:40  6 of 9 START sql view model Extracted_data.sc_order_reviews .................... [RUN]
[0m11:06:41  6 of 9 OK created sql view model Extracted_data.sc_order_reviews ............... [[32mCREATE VIEW (0 processed)[0m in 1.13s]
[0m11:06:41  7 of 9 START sql view model Extracted_data.sc_orders ........................... [RUN]
[0m11:06:41  5 of 9 OK created sql view model Extracted_data.sc_order_payments .............. [[32mCREATE VIEW (0 processed)[0m in 1.95s]
[0m11:06:41  8 of 9 START sql view model Extracted_data.sc_products ......................... [RUN]
[0m11:06:42  7 of 9 OK created sql view model Extracted_data.sc_orders ...................... [[32mCREATE VIEW (0 processed)[0m in 1.63s]
[0m11:06:42  9 of 9 START sql view model Extracted_data.sc_sellers .......................... [RUN]
[0m11:06:43  8 of 9 OK created sql view model Extracted_data.sc_products .................... [[32mCREATE VIEW (0 processed)[0m in 1.70s]
[0m11:06:43  9 of 9 OK created sql view model Extracted_data.sc_sellers ..................... [[32mCREATE VIEW (0 processed)[0m in 1.04s]
[0m11:06:43  
[0m11:06:43  Finished running 9 view models in 0 hours 0 minutes and 39.21 seconds (39.21s).
[0m11:06:44  
[0m11:06:44  [32mCompleted successfully[0m
[0m11:06:44  
[0m11:06:44  Done. PASS=9 WARN=0 ERROR=0 SKIP=0 NO-OP=0 TOTAL=9
